
> recepcionista-ia@1.0.0 test
> node --experimental-vm-modules node_modules/jest/bin/jest.js -i

ÔùÅ Validation Warning:

  Unknown option "runInBand" with value true was found.
  This is probably a typing mistake. Fixing it will remove this message.

  Configuration Documentation:
  https://jestjs.io/docs/configuration

ÔùÅ Validation Warning:

  Unknown option "runInBand" with value true was found.
  This is probably a typing mistake. Fixing it will remove this message.

  Configuration Documentation:
  https://jestjs.io/docs/configuration

(node:7328) ExperimentalWarning: VM Modules is an experimental feature and might change at any time
(Use `node --trace-warnings ...` to show where the warning was created)
{"level":"WARN","time":"2026-02-27T23:18:50.026Z","pid":7328,"hostname":"DESKTOP-J0KMV7Q","msg":"Rate limit exceeded","eventType":"WEBHOOK_RATE_LIMITED","requestId":"f5eab1b7-3aaf-46f6-8000-3a4fd097a188","key":"127.0.0.1","ip":"127.0.0.1"}
{"level":"INFO","time":"2026-02-27T23:18:50.068Z","pid":7328,"hostname":"DESKTOP-J0KMV7Q","eventType":"HEALTH_EXTENDED","durationMs":41}
{"level":"WARN","time":"2026-02-27T23:18:50.093Z","pid":7328,"hostname":"DESKTOP-J0KMV7Q","msg":"Rate limit exceeded","eventType":"WEBHOOK_RATE_LIMITED","requestId":"4855d680-e198-45b3-86fc-1fabcebdcee4","key":"127.0.0.1","ip":"127.0.0.1"}
{"level":"INFO","time":"2026-02-27T23:18:50.100Z","pid":7328,"hostname":"DESKTOP-J0KMV7Q","eventType":"HEALTH_EXTENDED","durationMs":6}
{"level":"WARN","time":"2026-02-27T23:18:50.119Z","pid":7328,"hostname":"DESKTOP-J0KMV7Q","msg":"Rate limit exceeded","eventType":"WEBHOOK_RATE_LIMITED","requestId":"672bbc6c-2d2f-4d26-8b2b-b3cef47ea492","key":"127.0.0.1","ip":"127.0.0.1"}
{"level":"INFO","time":"2026-02-27T23:18:50.126Z","pid":7328,"hostname":"DESKTOP-J0KMV7Q","eventType":"HEALTH_EXTENDED","durationMs":7}
PASS tests/admin/health.extended.test.ts
{"level":"WARN","time":"2026-02-27T23:18:50.143Z","pid":7328,"hostname":"DESKTOP-J0KMV7Q","msg":"Rate limit exceeded","eventType":"WEBHOOK_RATE_LIMITED","requestId":"dde0fa12-9285-4b15-9b82-f61174b5fc00","key":"127.0.0.1","ip":"127.0.0.1"}
{"level":"INFO","time":"2026-02-27T23:18:50.151Z","pid":7328,"hostname":"DESKTOP-J0KMV7Q","eventType":"HEALTH_EXTENDED","durationMs":8}
{"level":"INFO","time":"2026-02-27T23:18:50.631Z","pid":7328,"hostname":"DESKTOP-J0KMV7Q","requestId":"req-timeout-test","conversationId":"conv-timeout-test","eventType":"TWILIO_SEND_STARTED","to_last4":"0001","from":"whatsapp:+14155238886"}
PASS tests/jobs.twilioSend.test.ts
{"level":"ERROR","time":"2026-02-27T23:18:53.643Z","pid":7328,"hostname":"DESKTOP-J0KMV7Q","requestId":"req-timeout-test","conversationId":"conv-timeout-test","eventType":"TWILIO_SEND_FAILED","durationMs":3013,"error":"Twilio send timed out after 3000ms"}
{"level":"WARN","time":"2026-02-27T23:18:54.182Z","pid":7328,"hostname":"DESKTOP-J0KMV7Q","msg":"Rate limit exceeded","eventType":"WEBHOOK_RATE_LIMITED","requestId":"f49b3024-9644-4137-84be-0b178cb9506c","key":"+12223334444","ip":"::ffff:127.0.0.1"}
{"level":"INFO","time":"2026-02-27T23:18:54.183Z","pid":7328,"hostname":"DESKTOP-J0KMV7Q","requestId":"f49b3024-9644-4137-84be-0b178cb9506c","msg":"Webhook received","eventType":"WEBHOOK_RECEIVED","providerMessageId":"SM_RA_0","hasFrom":true,"fromLast4":"4444","bodyLength":15,"numMedia":0,"hasSignatureHeader":false,"path":"/webhooks/twilio"}
{"level":"INFO","time":"2026-02-27T23:18:54.273Z","pid":7328,"hostname":"DESKTOP-J0KMV7Q","requestId":"f49b3024-9644-4137-84be-0b178cb9506c","conversationId":"02ceafe6-01b2-412a-952c-2319d71be8f5","msg":"Processing message in orchestrator","providerMessageId":"SM_RA_0","currentState":"NEW"}
{"level":"INFO","time":"2026-02-27T23:18:54.306Z","pid":7328,"hostname":"DESKTOP-J0KMV7Q","requestId":"f49b3024-9644-4137-84be-0b178cb9506c","conversationId":"02ceafe6-01b2-412a-952c-2319d71be8f5","msg":"State transition","eventType":"STATE_TRANSITION","providerMessageId":"SM_RA_0","fromState":"NEW","toState":"CLASSIFYING","reason":"Initial classification"}
{"level":"INFO","time":"2026-02-27T23:18:54.312Z","pid":7328,"hostname":"DESKTOP-J0KMV7Q","requestId":"f49b3024-9644-4137-84be-0b178cb9506c","conversationId":"02ceafe6-01b2-412a-952c-2319d71be8f5","msg":"State transition","eventType":"STATE_TRANSITION","providerMessageId":"SM_RA_0","fromState":"CLASSIFYING","toState":"ANSWERING"}
{"level":"INFO","time":"2026-02-27T23:18:54.317Z","pid":7328,"hostname":"DESKTOP-J0KMV7Q","requestId":"f49b3024-9644-4137-84be-0b178cb9506c","conversationId":"02ceafe6-01b2-412a-952c-2319d71be8f5","msg":"State transition","eventType":"STATE_TRANSITION","providerMessageId":"SM_RA_0","fromState":"ANSWERING","toState":"WAITING_USER"}
{"level":"INFO","time":"2026-02-27T23:18:54.317Z","pid":7328,"hostname":"DESKTOP-J0KMV7Q","requestId":"f49b3024-9644-4137-84be-0b178cb9506c","conversationId":"02ceafe6-01b2-412a-952c-2319d71be8f5","msg":"Orchestrator processing complete","finalState":"WAITING_USER","durationMs":49}
{"level":"INFO","time":"2026-02-27T23:18:54.317Z","pid":7328,"hostname":"DESKTOP-J0KMV7Q","requestId":"f49b3024-9644-4137-84be-0b178cb9506c","conversationId":"02ceafe6-01b2-412a-952c-2319d71be8f5","msg":"Inbound message accepted, job enqueued","eventType":"WEBHOOK_PROCESSED","providerMessageId":"SM_RA_0","durationMs":135}
{"level":"WARN","time":"2026-02-27T23:18:54.326Z","pid":7328,"hostname":"DESKTOP-J0KMV7Q","msg":"Rate limit exceeded","eventType":"WEBHOOK_RATE_LIMITED","requestId":"103d9e57-0b80-4972-bead-9d1e319614da","key":"+12223334444","ip":"::ffff:127.0.0.1"}
{"level":"INFO","time":"2026-02-27T23:18:54.326Z","pid":7328,"hostname":"DESKTOP-J0KMV7Q","requestId":"103d9e57-0b80-4972-bead-9d1e319614da","msg":"Webhook received","eventType":"WEBHOOK_RECEIVED","providerMessageId":"SM_RA_1","hasFrom":true,"fromLast4":"4444","bodyLength":15,"numMedia":0,"hasSignatureHeader":false,"path":"/webhooks/twilio"}
{"level":"INFO","time":"2026-02-27T23:18:54.334Z","pid":7328,"hostname":"DESKTOP-J0KMV7Q","requestId":"103d9e57-0b80-4972-bead-9d1e319614da","conversationId":"02ceafe6-01b2-412a-952c-2319d71be8f5","msg":"Processing message in orchestrator","providerMessageId":"SM_RA_1","currentState":"WAITING_USER"}
{"level":"INFO","time":"2026-02-27T23:18:54.342Z","pid":7328,"hostname":"DESKTOP-J0KMV7Q","requestId":"103d9e57-0b80-4972-bead-9d1e319614da","conversationId":"02ceafe6-01b2-412a-952c-2319d71be8f5","msg":"State transition","eventType":"STATE_TRANSITION","providerMessageId":"SM_RA_1","fromState":"WAITING_USER","toState":"CLASSIFYING","reason":"Initial classification"}
{"level":"INFO","time":"2026-02-27T23:18:54.346Z","pid":7328,"hostname":"DESKTOP-J0KMV7Q","requestId":"103d9e57-0b80-4972-bead-9d1e319614da","conversationId":"02ceafe6-01b2-412a-952c-2319d71be8f5","msg":"State transition","eventType":"STATE_TRANSITION","providerMessageId":"SM_RA_1","fromState":"CLASSIFYING","toState":"ANSWERING"}
{"level":"INFO","time":"2026-02-27T23:18:54.350Z","pid":7328,"hostname":"DESKTOP-J0KMV7Q","requestId":"103d9e57-0b80-4972-bead-9d1e319614da","conversationId":"02ceafe6-01b2-412a-952c-2319d71be8f5","msg":"State transition","eventType":"STATE_TRANSITION","providerMessageId":"SM_RA_1","fromState":"ANSWERING","toState":"WAITING_USER"}
{"level":"INFO","time":"2026-02-27T23:18:54.350Z","pid":7328,"hostname":"DESKTOP-J0KMV7Q","requestId":"103d9e57-0b80-4972-bead-9d1e319614da","conversationId":"02ceafe6-01b2-412a-952c-2319d71be8f5","msg":"Orchestrator processing complete","finalState":"WAITING_USER","durationMs":19}
{"level":"INFO","time":"2026-02-27T23:18:54.350Z","pid":7328,"hostname":"DESKTOP-J0KMV7Q","requestId":"103d9e57-0b80-4972-bead-9d1e319614da","conversationId":"02ceafe6-01b2-412a-952c-2319d71be8f5","msg":"Inbound message accepted, job enqueued","eventType":"WEBHOOK_PROCESSED","providerMessageId":"SM_RA_1","durationMs":24}
{"level":"WARN","time":"2026-02-27T23:18:54.354Z","pid":7328,"hostname":"DESKTOP-J0KMV7Q","msg":"Rate limit exceeded","eventType":"WEBHOOK_RATE_LIMITED","requestId":"58153d3b-2c50-4920-a209-e727d4fb69f3","key":"+12223334444","ip":"::ffff:127.0.0.1"}
{"level":"INFO","time":"2026-02-27T23:18:54.354Z","pid":7328,"hostname":"DESKTOP-J0KMV7Q","requestId":"58153d3b-2c50-4920-a209-e727d4fb69f3","msg":"Webhook received","eventType":"WEBHOOK_RECEIVED","providerMessageId":"SM_RA_2","hasFrom":true,"fromLast4":"4444","bodyLength":15,"numMedia":0,"hasSignatureHeader":false,"path":"/webhooks/twilio"}
{"level":"INFO","time":"2026-02-27T23:18:54.363Z","pid":7328,"hostname":"DESKTOP-J0KMV7Q","requestId":"58153d3b-2c50-4920-a209-e727d4fb69f3","conversationId":"02ceafe6-01b2-412a-952c-2319d71be8f5","msg":"Processing message in orchestrator","providerMessageId":"SM_RA_2","currentState":"WAITING_USER"}
{"level":"INFO","time":"2026-02-27T23:18:54.372Z","pid":7328,"hostname":"DESKTOP-J0KMV7Q","requestId":"58153d3b-2c50-4920-a209-e727d4fb69f3","conversationId":"02ceafe6-01b2-412a-952c-2319d71be8f5","msg":"State transition","eventType":"STATE_TRANSITION","providerMessageId":"SM_RA_2","fromState":"WAITING_USER","toState":"CLASSIFYING","reason":"Initial classification"}
{"level":"INFO","time":"2026-02-27T23:18:54.377Z","pid":7328,"hostname":"DESKTOP-J0KMV7Q","requestId":"58153d3b-2c50-4920-a209-e727d4fb69f3","conversationId":"02ceafe6-01b2-412a-952c-2319d71be8f5","msg":"State transition","eventType":"STATE_TRANSITION","providerMessageId":"SM_RA_2","fromState":"CLASSIFYING","toState":"ANSWERING"}
{"level":"INFO","time":"2026-02-27T23:18:54.383Z","pid":7328,"hostname":"DESKTOP-J0KMV7Q","requestId":"58153d3b-2c50-4920-a209-e727d4fb69f3","conversationId":"02ceafe6-01b2-412a-952c-2319d71be8f5","msg":"State transition","eventType":"STATE_TRANSITION","providerMessageId":"SM_RA_2","fromState":"ANSWERING","toState":"WAITING_USER"}
{"level":"INFO","time":"2026-02-27T23:18:54.383Z","pid":7328,"hostname":"DESKTOP-J0KMV7Q","requestId":"58153d3b-2c50-4920-a209-e727d4fb69f3","conversationId":"02ceafe6-01b2-412a-952c-2319d71be8f5","msg":"Orchestrator processing complete","finalState":"WAITING_USER","durationMs":23}
{"level":"INFO","time":"2026-02-27T23:18:54.383Z","pid":7328,"hostname":"DESKTOP-J0KMV7Q","requestId":"58153d3b-2c50-4920-a209-e727d4fb69f3","conversationId":"02ceafe6-01b2-412a-952c-2319d71be8f5","msg":"Inbound message accepted, job enqueued","eventType":"WEBHOOK_PROCESSED","providerMessageId":"SM_RA_2","durationMs":29}
{"level":"WARN","time":"2026-02-27T23:18:54.387Z","pid":7328,"hostname":"DESKTOP-J0KMV7Q","msg":"Rate limit exceeded","eventType":"WEBHOOK_RATE_LIMITED","requestId":"b80fc34d-8862-4711-99d6-189b4f786a04","key":"+12223334444","ip":"::ffff:127.0.0.1"}
{"level":"INFO","time":"2026-02-27T23:18:54.387Z","pid":7328,"hostname":"DESKTOP-J0KMV7Q","requestId":"b80fc34d-8862-4711-99d6-189b4f786a04","msg":"Webhook received","eventType":"WEBHOOK_RECEIVED","providerMessageId":"SM_RA_3","hasFrom":true,"fromLast4":"4444","bodyLength":15,"numMedia":0,"hasSignatureHeader":false,"path":"/webhooks/twilio"}
{"level":"INFO","time":"2026-02-27T23:18:54.397Z","pid":7328,"hostname":"DESKTOP-J0KMV7Q","requestId":"b80fc34d-8862-4711-99d6-189b4f786a04","conversationId":"02ceafe6-01b2-412a-952c-2319d71be8f5","msg":"Processing message in orchestrator","providerMessageId":"SM_RA_3","currentState":"WAITING_USER"}
{"level":"INFO","time":"2026-02-27T23:18:54.409Z","pid":7328,"hostname":"DESKTOP-J0KMV7Q","requestId":"b80fc34d-8862-4711-99d6-189b4f786a04","conversationId":"02ceafe6-01b2-412a-952c-2319d71be8f5","msg":"State transition","eventType":"STATE_TRANSITION","providerMessageId":"SM_RA_3","fromState":"WAITING_USER","toState":"CLASSIFYING","reason":"Initial classification"}
{"level":"INFO","time":"2026-02-27T23:18:54.415Z","pid":7328,"hostname":"DESKTOP-J0KMV7Q","requestId":"b80fc34d-8862-4711-99d6-189b4f786a04","conversationId":"02ceafe6-01b2-412a-952c-2319d71be8f5","msg":"State transition","eventType":"STATE_TRANSITION","providerMessageId":"SM_RA_3","fromState":"CLASSIFYING","toState":"ANSWERING"}
{"level":"INFO","time":"2026-02-27T23:18:54.420Z","pid":7328,"hostname":"DESKTOP-J0KMV7Q","requestId":"b80fc34d-8862-4711-99d6-189b4f786a04","conversationId":"02ceafe6-01b2-412a-952c-2319d71be8f5","msg":"State transition","eventType":"STATE_TRANSITION","providerMessageId":"SM_RA_3","fromState":"ANSWERING","toState":"WAITING_USER"}
{"level":"INFO","time":"2026-02-27T23:18:54.420Z","pid":7328,"hostname":"DESKTOP-J0KMV7Q","requestId":"b80fc34d-8862-4711-99d6-189b4f786a04","conversationId":"02ceafe6-01b2-412a-952c-2319d71be8f5","msg":"Orchestrator processing complete","finalState":"WAITING_USER","durationMs":25}
{"level":"INFO","time":"2026-02-27T23:18:54.420Z","pid":7328,"hostname":"DESKTOP-J0KMV7Q","requestId":"b80fc34d-8862-4711-99d6-189b4f786a04","conversationId":"02ceafe6-01b2-412a-952c-2319d71be8f5","msg":"Inbound message accepted, job enqueued","eventType":"WEBHOOK_PROCESSED","providerMessageId":"SM_RA_3","durationMs":33}
{"level":"WARN","time":"2026-02-27T23:18:54.424Z","pid":7328,"hostname":"DESKTOP-J0KMV7Q","msg":"Rate limit exceeded","eventType":"WEBHOOK_RATE_LIMITED","requestId":"6dcfe75c-0cda-401a-aa9c-1f7733f9c723","key":"+12223334444","ip":"::ffff:127.0.0.1"}
{"level":"INFO","time":"2026-02-27T23:18:54.424Z","pid":7328,"hostname":"DESKTOP-J0KMV7Q","requestId":"6dcfe75c-0cda-401a-aa9c-1f7733f9c723","msg":"Webhook received","eventType":"WEBHOOK_RECEIVED","providerMessageId":"SM_RA_4","hasFrom":true,"fromLast4":"4444","bodyLength":15,"numMedia":0,"hasSignatureHeader":false,"path":"/webhooks/twilio"}
{"level":"INFO","time":"2026-02-27T23:18:54.434Z","pid":7328,"hostname":"DESKTOP-J0KMV7Q","requestId":"6dcfe75c-0cda-401a-aa9c-1f7733f9c723","conversationId":"02ceafe6-01b2-412a-952c-2319d71be8f5","msg":"Processing message in orchestrator","providerMessageId":"SM_RA_4","currentState":"WAITING_USER"}
{"level":"INFO","time":"2026-02-27T23:18:54.446Z","pid":7328,"hostname":"DESKTOP-J0KMV7Q","requestId":"6dcfe75c-0cda-401a-aa9c-1f7733f9c723","conversationId":"02ceafe6-01b2-412a-952c-2319d71be8f5","msg":"State transition","eventType":"STATE_TRANSITION","providerMessageId":"SM_RA_4","fromState":"WAITING_USER","toState":"CLASSIFYING","reason":"Initial classification"}
{"level":"INFO","time":"2026-02-27T23:18:54.452Z","pid":7328,"hostname":"DESKTOP-J0KMV7Q","requestId":"6dcfe75c-0cda-401a-aa9c-1f7733f9c723","conversationId":"02ceafe6-01b2-412a-952c-2319d71be8f5","msg":"State transition","eventType":"STATE_TRANSITION","providerMessageId":"SM_RA_4","fromState":"CLASSIFYING","toState":"ANSWERING"}
{"level":"INFO","time":"2026-02-27T23:18:54.458Z","pid":7328,"hostname":"DESKTOP-J0KMV7Q","requestId":"6dcfe75c-0cda-401a-aa9c-1f7733f9c723","conversationId":"02ceafe6-01b2-412a-952c-2319d71be8f5","msg":"State transition","eventType":"STATE_TRANSITION","providerMessageId":"SM_RA_4","fromState":"ANSWERING","toState":"WAITING_USER"}
{"level":"INFO","time":"2026-02-27T23:18:54.458Z","pid":7328,"hostname":"DESKTOP-J0KMV7Q","requestId":"6dcfe75c-0cda-401a-aa9c-1f7733f9c723","conversationId":"02ceafe6-01b2-412a-952c-2319d71be8f5","msg":"Orchestrator processing complete","finalState":"WAITING_USER","durationMs":27}
{"level":"INFO","time":"2026-02-27T23:18:54.458Z","pid":7328,"hostname":"DESKTOP-J0KMV7Q","requestId":"6dcfe75c-0cda-401a-aa9c-1f7733f9c723","conversationId":"02ceafe6-01b2-412a-952c-2319d71be8f5","msg":"Inbound message accepted, job enqueued","eventType":"WEBHOOK_PROCESSED","providerMessageId":"SM_RA_4","durationMs":34}
{"level":"WARN","time":"2026-02-27T23:18:54.462Z","pid":7328,"hostname":"DESKTOP-J0KMV7Q","msg":"Rate limit exceeded","eventType":"WEBHOOK_RATE_LIMITED","requestId":"1cd866f3-7aba-428d-97f2-d1bf1bffec54","key":"+12223334444","ip":"::ffff:127.0.0.1"}
{"level":"INFO","time":"2026-02-27T23:18:54.462Z","pid":7328,"hostname":"DESKTOP-J0KMV7Q","requestId":"1cd866f3-7aba-428d-97f2-d1bf1bffec54","msg":"Webhook received","eventType":"WEBHOOK_RECEIVED","providerMessageId":"SM_RA_5","hasFrom":true,"fromLast4":"4444","bodyLength":15,"numMedia":0,"hasSignatureHeader":false,"path":"/webhooks/twilio"}
{"level":"INFO","time":"2026-02-27T23:18:54.471Z","pid":7328,"hostname":"DESKTOP-J0KMV7Q","requestId":"1cd866f3-7aba-428d-97f2-d1bf1bffec54","conversationId":"02ceafe6-01b2-412a-952c-2319d71be8f5","msg":"Processing message in orchestrator","providerMessageId":"SM_RA_5","currentState":"WAITING_USER"}
{"level":"INFO","time":"2026-02-27T23:18:54.484Z","pid":7328,"hostname":"DESKTOP-J0KMV7Q","requestId":"1cd866f3-7aba-428d-97f2-d1bf1bffec54","conversationId":"02ceafe6-01b2-412a-952c-2319d71be8f5","msg":"State transition","eventType":"STATE_TRANSITION","providerMessageId":"SM_RA_5","fromState":"WAITING_USER","toState":"CLASSIFYING","reason":"Initial classification"}
{"level":"INFO","time":"2026-02-27T23:18:54.489Z","pid":7328,"hostname":"DESKTOP-J0KMV7Q","requestId":"1cd866f3-7aba-428d-97f2-d1bf1bffec54","conversationId":"02ceafe6-01b2-412a-952c-2319d71be8f5","msg":"State transition","eventType":"STATE_TRANSITION","providerMessageId":"SM_RA_5","fromState":"CLASSIFYING","toState":"ANSWERING"}
{"level":"INFO","time":"2026-02-27T23:18:54.495Z","pid":7328,"hostname":"DESKTOP-J0KMV7Q","requestId":"1cd866f3-7aba-428d-97f2-d1bf1bffec54","conversationId":"02ceafe6-01b2-412a-952c-2319d71be8f5","msg":"State transition","eventType":"STATE_TRANSITION","providerMessageId":"SM_RA_5","fromState":"ANSWERING","toState":"WAITING_USER"}
{"level":"INFO","time":"2026-02-27T23:18:54.495Z","pid":7328,"hostname":"DESKTOP-J0KMV7Q","requestId":"1cd866f3-7aba-428d-97f2-d1bf1bffec54","conversationId":"02ceafe6-01b2-412a-952c-2319d71be8f5","msg":"Orchestrator processing complete","finalState":"WAITING_USER","durationMs":27}
{"level":"INFO","time":"2026-02-27T23:18:54.495Z","pid":7328,"hostname":"DESKTOP-J0KMV7Q","requestId":"1cd866f3-7aba-428d-97f2-d1bf1bffec54","conversationId":"02ceafe6-01b2-412a-952c-2319d71be8f5","msg":"Inbound message accepted, job enqueued","eventType":"WEBHOOK_PROCESSED","providerMessageId":"SM_RA_5","durationMs":33}
{"level":"WARN","time":"2026-02-27T23:18:54.498Z","pid":7328,"hostname":"DESKTOP-J0KMV7Q","msg":"Rate limit exceeded","eventType":"WEBHOOK_RATE_LIMITED","requestId":"3b29415d-00db-4acd-95fd-dd3a2cf90859","key":"+12223334444","ip":"::ffff:127.0.0.1"}
{"level":"INFO","time":"2026-02-27T23:18:54.498Z","pid":7328,"hostname":"DESKTOP-J0KMV7Q","requestId":"3b29415d-00db-4acd-95fd-dd3a2cf90859","msg":"Webhook received","eventType":"WEBHOOK_RECEIVED","providerMessageId":"SM_RA_6","hasFrom":true,"fromLast4":"4444","bodyLength":15,"numMedia":0,"hasSignatureHeader":false,"path":"/webhooks/twilio"}
{"level":"INFO","time":"2026-02-27T23:18:54.506Z","pid":7328,"hostname":"DESKTOP-J0KMV7Q","requestId":"3b29415d-00db-4acd-95fd-dd3a2cf90859","conversationId":"02ceafe6-01b2-412a-952c-2319d71be8f5","msg":"Processing message in orchestrator","providerMessageId":"SM_RA_6","currentState":"WAITING_USER"}
{"level":"INFO","time":"2026-02-27T23:18:54.514Z","pid":7328,"hostname":"DESKTOP-J0KMV7Q","requestId":"3b29415d-00db-4acd-95fd-dd3a2cf90859","conversationId":"02ceafe6-01b2-412a-952c-2319d71be8f5","msg":"State transition","eventType":"STATE_TRANSITION","providerMessageId":"SM_RA_6","fromState":"WAITING_USER","toState":"CLASSIFYING","reason":"Initial classification"}
{"level":"INFO","time":"2026-02-27T23:18:54.518Z","pid":7328,"hostname":"DESKTOP-J0KMV7Q","requestId":"3b29415d-00db-4acd-95fd-dd3a2cf90859","conversationId":"02ceafe6-01b2-412a-952c-2319d71be8f5","msg":"State transition","eventType":"STATE_TRANSITION","providerMessageId":"SM_RA_6","fromState":"CLASSIFYING","toState":"ANSWERING"}
{"level":"INFO","time":"2026-02-27T23:18:54.522Z","pid":7328,"hostname":"DESKTOP-J0KMV7Q","requestId":"3b29415d-00db-4acd-95fd-dd3a2cf90859","conversationId":"02ceafe6-01b2-412a-952c-2319d71be8f5","msg":"State transition","eventType":"STATE_TRANSITION","providerMessageId":"SM_RA_6","fromState":"ANSWERING","toState":"WAITING_USER"}
{"level":"INFO","time":"2026-02-27T23:18:54.522Z","pid":7328,"hostname":"DESKTOP-J0KMV7Q","requestId":"3b29415d-00db-4acd-95fd-dd3a2cf90859","conversationId":"02ceafe6-01b2-412a-952c-2319d71be8f5","msg":"Orchestrator processing complete","finalState":"WAITING_USER","durationMs":18}
{"level":"INFO","time":"2026-02-27T23:18:54.522Z","pid":7328,"hostname":"DESKTOP-J0KMV7Q","requestId":"3b29415d-00db-4acd-95fd-dd3a2cf90859","conversationId":"02ceafe6-01b2-412a-952c-2319d71be8f5","msg":"Inbound message accepted, job enqueued","eventType":"WEBHOOK_PROCESSED","providerMessageId":"SM_RA_6","durationMs":24}
{"level":"WARN","time":"2026-02-27T23:18:54.526Z","pid":7328,"hostname":"DESKTOP-J0KMV7Q","msg":"Rate limit exceeded","eventType":"WEBHOOK_RATE_LIMITED","requestId":"d3ee959c-33a6-4324-a354-7be6d7278578","key":"+12223334444","ip":"::ffff:127.0.0.1"}
{"level":"INFO","time":"2026-02-27T23:18:54.526Z","pid":7328,"hostname":"DESKTOP-J0KMV7Q","requestId":"d3ee959c-33a6-4324-a354-7be6d7278578","msg":"Webhook received","eventType":"WEBHOOK_RECEIVED","providerMessageId":"SM_RA_7","hasFrom":true,"fromLast4":"4444","bodyLength":15,"numMedia":0,"hasSignatureHeader":false,"path":"/webhooks/twilio"}
{"level":"INFO","time":"2026-02-27T23:18:54.533Z","pid":7328,"hostname":"DESKTOP-J0KMV7Q","requestId":"d3ee959c-33a6-4324-a354-7be6d7278578","conversationId":"02ceafe6-01b2-412a-952c-2319d71be8f5","msg":"Processing message in orchestrator","providerMessageId":"SM_RA_7","currentState":"WAITING_USER"}
{"level":"INFO","time":"2026-02-27T23:18:54.540Z","pid":7328,"hostname":"DESKTOP-J0KMV7Q","requestId":"d3ee959c-33a6-4324-a354-7be6d7278578","conversationId":"02ceafe6-01b2-412a-952c-2319d71be8f5","msg":"State transition","eventType":"STATE_TRANSITION","providerMessageId":"SM_RA_7","fromState":"WAITING_USER","toState":"CLASSIFYING","reason":"Initial classification"}
{"level":"INFO","time":"2026-02-27T23:18:54.544Z","pid":7328,"hostname":"DESKTOP-J0KMV7Q","requestId":"d3ee959c-33a6-4324-a354-7be6d7278578","conversationId":"02ceafe6-01b2-412a-952c-2319d71be8f5","msg":"State transition","eventType":"STATE_TRANSITION","providerMessageId":"SM_RA_7","fromState":"CLASSIFYING","toState":"ANSWERING"}
{"level":"INFO","time":"2026-02-27T23:18:54.548Z","pid":7328,"hostname":"DESKTOP-J0KMV7Q","requestId":"d3ee959c-33a6-4324-a354-7be6d7278578","conversationId":"02ceafe6-01b2-412a-952c-2319d71be8f5","msg":"State transition","eventType":"STATE_TRANSITION","providerMessageId":"SM_RA_7","fromState":"ANSWERING","toState":"WAITING_USER"}
{"level":"INFO","time":"2026-02-27T23:18:54.548Z","pid":7328,"hostname":"DESKTOP-J0KMV7Q","requestId":"d3ee959c-33a6-4324-a354-7be6d7278578","conversationId":"02ceafe6-01b2-412a-952c-2319d71be8f5","msg":"Orchestrator processing complete","finalState":"WAITING_USER","durationMs":17}
{"level":"INFO","time":"2026-02-27T23:18:54.548Z","pid":7328,"hostname":"DESKTOP-J0KMV7Q","requestId":"d3ee959c-33a6-4324-a354-7be6d7278578","conversationId":"02ceafe6-01b2-412a-952c-2319d71be8f5","msg":"Inbound message accepted, job enqueued","eventType":"WEBHOOK_PROCESSED","providerMessageId":"SM_RA_7","durationMs":22}
{"level":"WARN","time":"2026-02-27T23:18:54.551Z","pid":7328,"hostname":"DESKTOP-J0KMV7Q","msg":"Rate limit exceeded","eventType":"WEBHOOK_RATE_LIMITED","requestId":"bd8dd8af-fca1-4940-98a6-93d44f3f5228","key":"+12223334444","ip":"::ffff:127.0.0.1"}
{"level":"INFO","time":"2026-02-27T23:18:54.551Z","pid":7328,"hostname":"DESKTOP-J0KMV7Q","requestId":"bd8dd8af-fca1-4940-98a6-93d44f3f5228","msg":"Webhook received","eventType":"WEBHOOK_RECEIVED","providerMessageId":"SM_RA_8","hasFrom":true,"fromLast4":"4444","bodyLength":15,"numMedia":0,"hasSignatureHeader":false,"path":"/webhooks/twilio"}
{"level":"INFO","time":"2026-02-27T23:18:54.558Z","pid":7328,"hostname":"DESKTOP-J0KMV7Q","requestId":"bd8dd8af-fca1-4940-98a6-93d44f3f5228","conversationId":"02ceafe6-01b2-412a-952c-2319d71be8f5","msg":"Processing message in orchestrator","providerMessageId":"SM_RA_8","currentState":"WAITING_USER"}
{"level":"INFO","time":"2026-02-27T23:18:54.566Z","pid":7328,"hostname":"DESKTOP-J0KMV7Q","requestId":"bd8dd8af-fca1-4940-98a6-93d44f3f5228","conversationId":"02ceafe6-01b2-412a-952c-2319d71be8f5","msg":"State transition","eventType":"STATE_TRANSITION","providerMessageId":"SM_RA_8","fromState":"WAITING_USER","toState":"CLASSIFYING","reason":"Initial classification"}
{"level":"INFO","time":"2026-02-27T23:18:54.570Z","pid":7328,"hostname":"DESKTOP-J0KMV7Q","requestId":"bd8dd8af-fca1-4940-98a6-93d44f3f5228","conversationId":"02ceafe6-01b2-412a-952c-2319d71be8f5","msg":"State transition","eventType":"STATE_TRANSITION","providerMessageId":"SM_RA_8","fromState":"CLASSIFYING","toState":"ANSWERING"}
{"level":"INFO","time":"2026-02-27T23:18:54.575Z","pid":7328,"hostname":"DESKTOP-J0KMV7Q","requestId":"bd8dd8af-fca1-4940-98a6-93d44f3f5228","conversationId":"02ceafe6-01b2-412a-952c-2319d71be8f5","msg":"State transition","eventType":"STATE_TRANSITION","providerMessageId":"SM_RA_8","fromState":"ANSWERING","toState":"WAITING_USER"}
{"level":"INFO","time":"2026-02-27T23:18:54.575Z","pid":7328,"hostname":"DESKTOP-J0KMV7Q","requestId":"bd8dd8af-fca1-4940-98a6-93d44f3f5228","conversationId":"02ceafe6-01b2-412a-952c-2319d71be8f5","msg":"Orchestrator processing complete","finalState":"WAITING_USER","durationMs":19}
{"level":"INFO","time":"2026-02-27T23:18:54.575Z","pid":7328,"hostname":"DESKTOP-J0KMV7Q","requestId":"bd8dd8af-fca1-4940-98a6-93d44f3f5228","conversationId":"02ceafe6-01b2-412a-952c-2319d71be8f5","msg":"Inbound message accepted, job enqueued","eventType":"WEBHOOK_PROCESSED","providerMessageId":"SM_RA_8","durationMs":24}
{"level":"WARN","time":"2026-02-27T23:18:54.578Z","pid":7328,"hostname":"DESKTOP-J0KMV7Q","msg":"Rate limit exceeded","eventType":"WEBHOOK_RATE_LIMITED","requestId":"7aeeedab-d1d6-4ded-8128-4eb801f86bbb","key":"+12223334444","ip":"::ffff:127.0.0.1"}
{"level":"INFO","time":"2026-02-27T23:18:54.579Z","pid":7328,"hostname":"DESKTOP-J0KMV7Q","requestId":"7aeeedab-d1d6-4ded-8128-4eb801f86bbb","msg":"Webhook received","eventType":"WEBHOOK_RECEIVED","providerMessageId":"SM_RA_9","hasFrom":true,"fromLast4":"4444","bodyLength":15,"numMedia":0,"hasSignatureHeader":false,"path":"/webhooks/twilio"}
{"level":"INFO","time":"2026-02-27T23:18:54.586Z","pid":7328,"hostname":"DESKTOP-J0KMV7Q","requestId":"7aeeedab-d1d6-4ded-8128-4eb801f86bbb","conversationId":"02ceafe6-01b2-412a-952c-2319d71be8f5","msg":"Processing message in orchestrator","providerMessageId":"SM_RA_9","currentState":"WAITING_USER"}
{"level":"INFO","time":"2026-02-27T23:18:54.595Z","pid":7328,"hostname":"DESKTOP-J0KMV7Q","requestId":"7aeeedab-d1d6-4ded-8128-4eb801f86bbb","conversationId":"02ceafe6-01b2-412a-952c-2319d71be8f5","msg":"State transition","eventType":"STATE_TRANSITION","providerMessageId":"SM_RA_9","fromState":"WAITING_USER","toState":"CLASSIFYING","reason":"Initial classification"}
{"level":"INFO","time":"2026-02-27T23:18:54.599Z","pid":7328,"hostname":"DESKTOP-J0KMV7Q","requestId":"7aeeedab-d1d6-4ded-8128-4eb801f86bbb","conversationId":"02ceafe6-01b2-412a-952c-2319d71be8f5","msg":"State transition","eventType":"STATE_TRANSITION","providerMessageId":"SM_RA_9","fromState":"CLASSIFYING","toState":"ANSWERING"}
{"level":"INFO","time":"2026-02-27T23:18:54.603Z","pid":7328,"hostname":"DESKTOP-J0KMV7Q","requestId":"7aeeedab-d1d6-4ded-8128-4eb801f86bbb","conversationId":"02ceafe6-01b2-412a-952c-2319d71be8f5","msg":"State transition","eventType":"STATE_TRANSITION","providerMessageId":"SM_RA_9","fromState":"ANSWERING","toState":"WAITING_USER"}
{"level":"INFO","time":"2026-02-27T23:18:54.603Z","pid":7328,"hostname":"DESKTOP-J0KMV7Q","requestId":"7aeeedab-d1d6-4ded-8128-4eb801f86bbb","conversationId":"02ceafe6-01b2-412a-952c-2319d71be8f5","msg":"Orchestrator processing complete","finalState":"WAITING_USER","durationMs":20}
{"level":"INFO","time":"2026-02-27T23:18:54.603Z","pid":7328,"hostname":"DESKTOP-J0KMV7Q","requestId":"7aeeedab-d1d6-4ded-8128-4eb801f86bbb","conversationId":"02ceafe6-01b2-412a-952c-2319d71be8f5","msg":"Inbound message accepted, job enqueued","eventType":"WEBHOOK_PROCESSED","providerMessageId":"SM_RA_9","durationMs":25}
{"level":"WARN","time":"2026-02-27T23:18:54.606Z","pid":7328,"hostname":"DESKTOP-J0KMV7Q","msg":"Rate limit exceeded","eventType":"WEBHOOK_RATE_LIMITED","requestId":"733ccfe9-0df5-4617-8de5-f8dc54847fe9","key":"+12223334444","ip":"::ffff:127.0.0.1"}
{"level":"INFO","time":"2026-02-27T23:18:54.606Z","pid":7328,"hostname":"DESKTOP-J0KMV7Q","requestId":"733ccfe9-0df5-4617-8de5-f8dc54847fe9","msg":"Webhook received","eventType":"WEBHOOK_RECEIVED","providerMessageId":"SM_RA_10","hasFrom":true,"fromLast4":"4444","bodyLength":15,"numMedia":0,"hasSignatureHeader":false,"path":"/webhooks/twilio"}
{"level":"INFO","time":"2026-02-27T23:18:54.614Z","pid":7328,"hostname":"DESKTOP-J0KMV7Q","requestId":"733ccfe9-0df5-4617-8de5-f8dc54847fe9","conversationId":"02ceafe6-01b2-412a-952c-2319d71be8f5","msg":"Processing message in orchestrator","providerMessageId":"SM_RA_10","currentState":"WAITING_USER"}
{"level":"INFO","time":"2026-02-27T23:18:54.624Z","pid":7328,"hostname":"DESKTOP-J0KMV7Q","requestId":"733ccfe9-0df5-4617-8de5-f8dc54847fe9","conversationId":"02ceafe6-01b2-412a-952c-2319d71be8f5","msg":"State transition","eventType":"STATE_TRANSITION","providerMessageId":"SM_RA_10","fromState":"WAITING_USER","toState":"CLASSIFYING","reason":"Initial classification"}
{"level":"INFO","time":"2026-02-27T23:18:54.629Z","pid":7328,"hostname":"DESKTOP-J0KMV7Q","requestId":"733ccfe9-0df5-4617-8de5-f8dc54847fe9","conversationId":"02ceafe6-01b2-412a-952c-2319d71be8f5","msg":"State transition","eventType":"STATE_TRANSITION","providerMessageId":"SM_RA_10","fromState":"CLASSIFYING","toState":"ANSWERING"}
{"level":"INFO","time":"2026-02-27T23:18:54.634Z","pid":7328,"hostname":"DESKTOP-J0KMV7Q","requestId":"733ccfe9-0df5-4617-8de5-f8dc54847fe9","conversationId":"02ceafe6-01b2-412a-952c-2319d71be8f5","msg":"State transition","eventType":"STATE_TRANSITION","providerMessageId":"SM_RA_10","fromState":"ANSWERING","toState":"WAITING_USER"}
{"level":"INFO","time":"2026-02-27T23:18:54.634Z","pid":7328,"hostname":"DESKTOP-J0KMV7Q","requestId":"733ccfe9-0df5-4617-8de5-f8dc54847fe9","conversationId":"02ceafe6-01b2-412a-952c-2319d71be8f5","msg":"Orchestrator processing complete","finalState":"WAITING_USER","durationMs":22}
{"level":"INFO","time":"2026-02-27T23:18:54.634Z","pid":7328,"hostname":"DESKTOP-J0KMV7Q","requestId":"733ccfe9-0df5-4617-8de5-f8dc54847fe9","conversationId":"02ceafe6-01b2-412a-952c-2319d71be8f5","msg":"Inbound message accepted, job enqueued","eventType":"WEBHOOK_PROCESSED","providerMessageId":"SM_RA_10","durationMs":28}
{"level":"WARN","time":"2026-02-27T23:18:54.637Z","pid":7328,"hostname":"DESKTOP-J0KMV7Q","msg":"Rate limit exceeded","eventType":"WEBHOOK_RATE_LIMITED","requestId":"c7494e76-ac0d-42c5-a16c-f0a60c6e254a","key":"+12223334444","ip":"::ffff:127.0.0.1"}
{"level":"INFO","time":"2026-02-27T23:18:54.637Z","pid":7328,"hostname":"DESKTOP-J0KMV7Q","requestId":"c7494e76-ac0d-42c5-a16c-f0a60c6e254a","msg":"Webhook received","eventType":"WEBHOOK_RECEIVED","providerMessageId":"SM_RA_11","hasFrom":true,"fromLast4":"4444","bodyLength":15,"numMedia":0,"hasSignatureHeader":false,"path":"/webhooks/twilio"}
{"level":"INFO","time":"2026-02-27T23:18:54.647Z","pid":7328,"hostname":"DESKTOP-J0KMV7Q","requestId":"c7494e76-ac0d-42c5-a16c-f0a60c6e254a","conversationId":"02ceafe6-01b2-412a-952c-2319d71be8f5","msg":"Processing message in orchestrator","providerMessageId":"SM_RA_11","currentState":"WAITING_USER"}
{"level":"INFO","time":"2026-02-27T23:18:54.655Z","pid":7328,"hostname":"DESKTOP-J0KMV7Q","requestId":"c7494e76-ac0d-42c5-a16c-f0a60c6e254a","conversationId":"02ceafe6-01b2-412a-952c-2319d71be8f5","msg":"State transition","eventType":"STATE_TRANSITION","providerMessageId":"SM_RA_11","fromState":"WAITING_USER","toState":"CLASSIFYING","reason":"Initial classification"}
{"level":"INFO","time":"2026-02-27T23:18:54.660Z","pid":7328,"hostname":"DESKTOP-J0KMV7Q","requestId":"c7494e76-ac0d-42c5-a16c-f0a60c6e254a","conversationId":"02ceafe6-01b2-412a-952c-2319d71be8f5","msg":"State transition","eventType":"STATE_TRANSITION","providerMessageId":"SM_RA_11","fromState":"CLASSIFYING","toState":"ANSWERING"}
{"level":"INFO","time":"2026-02-27T23:18:54.664Z","pid":7328,"hostname":"DESKTOP-J0KMV7Q","requestId":"c7494e76-ac0d-42c5-a16c-f0a60c6e254a","conversationId":"02ceafe6-01b2-412a-952c-2319d71be8f5","msg":"State transition","eventType":"STATE_TRANSITION","providerMessageId":"SM_RA_11","fromState":"ANSWERING","toState":"WAITING_USER"}
{"level":"INFO","time":"2026-02-27T23:18:54.664Z","pid":7328,"hostname":"DESKTOP-J0KMV7Q","requestId":"c7494e76-ac0d-42c5-a16c-f0a60c6e254a","conversationId":"02ceafe6-01b2-412a-952c-2319d71be8f5","msg":"Orchestrator processing complete","finalState":"WAITING_USER","durationMs":20}
{"level":"INFO","time":"2026-02-27T23:18:54.664Z","pid":7328,"hostname":"DESKTOP-J0KMV7Q","requestId":"c7494e76-ac0d-42c5-a16c-f0a60c6e254a","conversationId":"02ceafe6-01b2-412a-952c-2319d71be8f5","msg":"Inbound message accepted, job enqueued","eventType":"WEBHOOK_PROCESSED","providerMessageId":"SM_RA_11","durationMs":27}
{"level":"WARN","time":"2026-02-27T23:18:54.667Z","pid":7328,"hostname":"DESKTOP-J0KMV7Q","msg":"Rate limit exceeded","eventType":"WEBHOOK_RATE_LIMITED","requestId":"ac18db01-1ee8-4985-a2eb-c3a89337ffec","key":"+12223334444","ip":"::ffff:127.0.0.1"}
{"level":"INFO","time":"2026-02-27T23:18:54.667Z","pid":7328,"hostname":"DESKTOP-J0KMV7Q","requestId":"ac18db01-1ee8-4985-a2eb-c3a89337ffec","msg":"Webhook received","eventType":"WEBHOOK_RECEIVED","providerMessageId":"SM_RA_12","hasFrom":true,"fromLast4":"4444","bodyLength":15,"numMedia":0,"hasSignatureHeader":false,"path":"/webhooks/twilio"}
{"level":"INFO","time":"2026-02-27T23:18:54.674Z","pid":7328,"hostname":"DESKTOP-J0KMV7Q","requestId":"ac18db01-1ee8-4985-a2eb-c3a89337ffec","conversationId":"02ceafe6-01b2-412a-952c-2319d71be8f5","msg":"Processing message in orchestrator","providerMessageId":"SM_RA_12","currentState":"WAITING_USER"}
{"level":"INFO","time":"2026-02-27T23:18:54.684Z","pid":7328,"hostname":"DESKTOP-J0KMV7Q","requestId":"ac18db01-1ee8-4985-a2eb-c3a89337ffec","conversationId":"02ceafe6-01b2-412a-952c-2319d71be8f5","msg":"State transition","eventType":"STATE_TRANSITION","providerMessageId":"SM_RA_12","fromState":"WAITING_USER","toState":"CLASSIFYING","reason":"Initial classification"}
{"level":"INFO","time":"2026-02-27T23:18:54.689Z","pid":7328,"hostname":"DESKTOP-J0KMV7Q","requestId":"ac18db01-1ee8-4985-a2eb-c3a89337ffec","conversationId":"02ceafe6-01b2-412a-952c-2319d71be8f5","msg":"State transition","eventType":"STATE_TRANSITION","providerMessageId":"SM_RA_12","fromState":"CLASSIFYING","toState":"ANSWERING"}
{"level":"INFO","time":"2026-02-27T23:18:54.694Z","pid":7328,"hostname":"DESKTOP-J0KMV7Q","requestId":"ac18db01-1ee8-4985-a2eb-c3a89337ffec","conversationId":"02ceafe6-01b2-412a-952c-2319d71be8f5","msg":"State transition","eventType":"STATE_TRANSITION","providerMessageId":"SM_RA_12","fromState":"ANSWERING","toState":"WAITING_USER"}
{"level":"INFO","time":"2026-02-27T23:18:54.695Z","pid":7328,"hostname":"DESKTOP-J0KMV7Q","requestId":"ac18db01-1ee8-4985-a2eb-c3a89337ffec","conversationId":"02ceafe6-01b2-412a-952c-2319d71be8f5","msg":"Orchestrator processing complete","finalState":"WAITING_USER","durationMs":23}
{"level":"INFO","time":"2026-02-27T23:18:54.695Z","pid":7328,"hostname":"DESKTOP-J0KMV7Q","requestId":"ac18db01-1ee8-4985-a2eb-c3a89337ffec","conversationId":"02ceafe6-01b2-412a-952c-2319d71be8f5","msg":"Inbound message accepted, job enqueued","eventType":"WEBHOOK_PROCESSED","providerMessageId":"SM_RA_12","durationMs":28}
{"level":"WARN","time":"2026-02-27T23:18:54.697Z","pid":7328,"hostname":"DESKTOP-J0KMV7Q","msg":"Rate limit exceeded","eventType":"WEBHOOK_RATE_LIMITED","requestId":"7f942bd6-a285-482e-9ac5-5e5accf81b72","key":"+12223334444","ip":"::ffff:127.0.0.1"}
{"level":"INFO","time":"2026-02-27T23:18:54.697Z","pid":7328,"hostname":"DESKTOP-J0KMV7Q","requestId":"7f942bd6-a285-482e-9ac5-5e5accf81b72","msg":"Webhook received","eventType":"WEBHOOK_RECEIVED","providerMessageId":"SM_RA_13","hasFrom":true,"fromLast4":"4444","bodyLength":15,"numMedia":0,"hasSignatureHeader":false,"path":"/webhooks/twilio"}
{"level":"INFO","time":"2026-02-27T23:18:54.704Z","pid":7328,"hostname":"DESKTOP-J0KMV7Q","requestId":"7f942bd6-a285-482e-9ac5-5e5accf81b72","conversationId":"02ceafe6-01b2-412a-952c-2319d71be8f5","msg":"Processing message in orchestrator","providerMessageId":"SM_RA_13","currentState":"WAITING_USER"}
{"level":"INFO","time":"2026-02-27T23:18:54.713Z","pid":7328,"hostname":"DESKTOP-J0KMV7Q","requestId":"7f942bd6-a285-482e-9ac5-5e5accf81b72","conversationId":"02ceafe6-01b2-412a-952c-2319d71be8f5","msg":"State transition","eventType":"STATE_TRANSITION","providerMessageId":"SM_RA_13","fromState":"WAITING_USER","toState":"CLASSIFYING","reason":"Initial classification"}
{"level":"INFO","time":"2026-02-27T23:18:54.717Z","pid":7328,"hostname":"DESKTOP-J0KMV7Q","requestId":"7f942bd6-a285-482e-9ac5-5e5accf81b72","conversationId":"02ceafe6-01b2-412a-952c-2319d71be8f5","msg":"State transition","eventType":"STATE_TRANSITION","providerMessageId":"SM_RA_13","fromState":"CLASSIFYING","toState":"ANSWERING"}
{"level":"INFO","time":"2026-02-27T23:18:54.721Z","pid":7328,"hostname":"DESKTOP-J0KMV7Q","requestId":"7f942bd6-a285-482e-9ac5-5e5accf81b72","conversationId":"02ceafe6-01b2-412a-952c-2319d71be8f5","msg":"State transition","eventType":"STATE_TRANSITION","providerMessageId":"SM_RA_13","fromState":"ANSWERING","toState":"WAITING_USER"}
{"level":"INFO","time":"2026-02-27T23:18:54.722Z","pid":7328,"hostname":"DESKTOP-J0KMV7Q","requestId":"7f942bd6-a285-482e-9ac5-5e5accf81b72","conversationId":"02ceafe6-01b2-412a-952c-2319d71be8f5","msg":"Orchestrator processing complete","finalState":"WAITING_USER","durationMs":20}
{"level":"INFO","time":"2026-02-27T23:18:54.722Z","pid":7328,"hostname":"DESKTOP-J0KMV7Q","requestId":"7f942bd6-a285-482e-9ac5-5e5accf81b72","conversationId":"02ceafe6-01b2-412a-952c-2319d71be8f5","msg":"Inbound message accepted, job enqueued","eventType":"WEBHOOK_PROCESSED","providerMessageId":"SM_RA_13","durationMs":25}
{"level":"WARN","time":"2026-02-27T23:18:54.725Z","pid":7328,"hostname":"DESKTOP-J0KMV7Q","msg":"Rate limit exceeded","eventType":"WEBHOOK_RATE_LIMITED","requestId":"d7ef258c-b5a5-445b-90c7-c968a62f70d1","key":"+12223334444","ip":"::ffff:127.0.0.1"}
{"level":"INFO","time":"2026-02-27T23:18:54.725Z","pid":7328,"hostname":"DESKTOP-J0KMV7Q","requestId":"d7ef258c-b5a5-445b-90c7-c968a62f70d1","msg":"Webhook received","eventType":"WEBHOOK_RECEIVED","providerMessageId":"SM_RA_14","hasFrom":true,"fromLast4":"4444","bodyLength":15,"numMedia":0,"hasSignatureHeader":false,"path":"/webhooks/twilio"}
{"level":"INFO","time":"2026-02-27T23:18:54.733Z","pid":7328,"hostname":"DESKTOP-J0KMV7Q","requestId":"d7ef258c-b5a5-445b-90c7-c968a62f70d1","conversationId":"02ceafe6-01b2-412a-952c-2319d71be8f5","msg":"Processing message in orchestrator","providerMessageId":"SM_RA_14","currentState":"WAITING_USER"}
{"level":"INFO","time":"2026-02-27T23:18:54.746Z","pid":7328,"hostname":"DESKTOP-J0KMV7Q","requestId":"d7ef258c-b5a5-445b-90c7-c968a62f70d1","conversationId":"02ceafe6-01b2-412a-952c-2319d71be8f5","msg":"State transition","eventType":"STATE_TRANSITION","providerMessageId":"SM_RA_14","fromState":"WAITING_USER","toState":"CLASSIFYING","reason":"Initial classification"}
{"level":"INFO","time":"2026-02-27T23:18:54.752Z","pid":7328,"hostname":"DESKTOP-J0KMV7Q","requestId":"d7ef258c-b5a5-445b-90c7-c968a62f70d1","conversationId":"02ceafe6-01b2-412a-952c-2319d71be8f5","msg":"State transition","eventType":"STATE_TRANSITION","providerMessageId":"SM_RA_14","fromState":"CLASSIFYING","toState":"ANSWERING"}
{"level":"INFO","time":"2026-02-27T23:18:54.757Z","pid":7328,"hostname":"DESKTOP-J0KMV7Q","requestId":"d7ef258c-b5a5-445b-90c7-c968a62f70d1","conversationId":"02ceafe6-01b2-412a-952c-2319d71be8f5","msg":"State transition","eventType":"STATE_TRANSITION","providerMessageId":"SM_RA_14","fromState":"ANSWERING","toState":"WAITING_USER"}
{"level":"INFO","time":"2026-02-27T23:18:54.757Z","pid":7328,"hostname":"DESKTOP-J0KMV7Q","requestId":"d7ef258c-b5a5-445b-90c7-c968a62f70d1","conversationId":"02ceafe6-01b2-412a-952c-2319d71be8f5","msg":"Orchestrator processing complete","finalState":"WAITING_USER","durationMs":27}
{"level":"INFO","time":"2026-02-27T23:18:54.757Z","pid":7328,"hostname":"DESKTOP-J0KMV7Q","requestId":"d7ef258c-b5a5-445b-90c7-c968a62f70d1","conversationId":"02ceafe6-01b2-412a-952c-2319d71be8f5","msg":"Inbound message accepted, job enqueued","eventType":"WEBHOOK_PROCESSED","providerMessageId":"SM_RA_14","durationMs":32}
{"level":"WARN","time":"2026-02-27T23:18:54.761Z","pid":7328,"hostname":"DESKTOP-J0KMV7Q","msg":"Rate limit exceeded","eventType":"WEBHOOK_RATE_LIMITED","requestId":"c1557d86-54c3-4227-a1e1-f2488258d4d7","key":"+12223334444","ip":"::ffff:127.0.0.1"}
{"level":"INFO","time":"2026-02-27T23:18:54.761Z","pid":7328,"hostname":"DESKTOP-J0KMV7Q","requestId":"c1557d86-54c3-4227-a1e1-f2488258d4d7","msg":"Webhook received","eventType":"WEBHOOK_RECEIVED","providerMessageId":"SM_RA_15","hasFrom":true,"fromLast4":"4444","bodyLength":15,"numMedia":0,"hasSignatureHeader":false,"path":"/webhooks/twilio"}
{"level":"INFO","time":"2026-02-27T23:18:54.769Z","pid":7328,"hostname":"DESKTOP-J0KMV7Q","requestId":"c1557d86-54c3-4227-a1e1-f2488258d4d7","conversationId":"02ceafe6-01b2-412a-952c-2319d71be8f5","msg":"Processing message in orchestrator","providerMessageId":"SM_RA_15","currentState":"WAITING_USER"}
{"level":"INFO","time":"2026-02-27T23:18:54.780Z","pid":7328,"hostname":"DESKTOP-J0KMV7Q","requestId":"c1557d86-54c3-4227-a1e1-f2488258d4d7","conversationId":"02ceafe6-01b2-412a-952c-2319d71be8f5","msg":"State transition","eventType":"STATE_TRANSITION","providerMessageId":"SM_RA_15","fromState":"WAITING_USER","toState":"CLASSIFYING","reason":"Initial classification"}
{"level":"INFO","time":"2026-02-27T23:18:54.785Z","pid":7328,"hostname":"DESKTOP-J0KMV7Q","requestId":"c1557d86-54c3-4227-a1e1-f2488258d4d7","conversationId":"02ceafe6-01b2-412a-952c-2319d71be8f5","msg":"State transition","eventType":"STATE_TRANSITION","providerMessageId":"SM_RA_15","fromState":"CLASSIFYING","toState":"ANSWERING"}
{"level":"INFO","time":"2026-02-27T23:18:54.791Z","pid":7328,"hostname":"DESKTOP-J0KMV7Q","requestId":"c1557d86-54c3-4227-a1e1-f2488258d4d7","conversationId":"02ceafe6-01b2-412a-952c-2319d71be8f5","msg":"State transition","eventType":"STATE_TRANSITION","providerMessageId":"SM_RA_15","fromState":"ANSWERING","toState":"WAITING_USER"}
{"level":"INFO","time":"2026-02-27T23:18:54.791Z","pid":7328,"hostname":"DESKTOP-J0KMV7Q","requestId":"c1557d86-54c3-4227-a1e1-f2488258d4d7","conversationId":"02ceafe6-01b2-412a-952c-2319d71be8f5","msg":"Orchestrator processing complete","finalState":"WAITING_USER","durationMs":25}
{"level":"INFO","time":"2026-02-27T23:18:54.791Z","pid":7328,"hostname":"DESKTOP-J0KMV7Q","requestId":"c1557d86-54c3-4227-a1e1-f2488258d4d7","conversationId":"02ceafe6-01b2-412a-952c-2319d71be8f5","msg":"Inbound message accepted, job enqueued","eventType":"WEBHOOK_PROCESSED","providerMessageId":"SM_RA_15","durationMs":30}
{"level":"WARN","time":"2026-02-27T23:18:54.794Z","pid":7328,"hostname":"DESKTOP-J0KMV7Q","msg":"Rate limit exceeded","eventType":"WEBHOOK_RATE_LIMITED","requestId":"d49e7518-3b8e-482b-81d4-5bedaddd8b42","key":"+12223334444","ip":"::ffff:127.0.0.1"}
{"level":"INFO","time":"2026-02-27T23:18:54.794Z","pid":7328,"hostname":"DESKTOP-J0KMV7Q","requestId":"d49e7518-3b8e-482b-81d4-5bedaddd8b42","msg":"Webhook received","eventType":"WEBHOOK_RECEIVED","providerMessageId":"SM_RA_16","hasFrom":true,"fromLast4":"4444","bodyLength":15,"numMedia":0,"hasSignatureHeader":false,"path":"/webhooks/twilio"}
{"level":"INFO","time":"2026-02-27T23:18:54.803Z","pid":7328,"hostname":"DESKTOP-J0KMV7Q","requestId":"d49e7518-3b8e-482b-81d4-5bedaddd8b42","conversationId":"02ceafe6-01b2-412a-952c-2319d71be8f5","msg":"Processing message in orchestrator","providerMessageId":"SM_RA_16","currentState":"WAITING_USER"}
{"level":"INFO","time":"2026-02-27T23:18:54.812Z","pid":7328,"hostname":"DESKTOP-J0KMV7Q","requestId":"d49e7518-3b8e-482b-81d4-5bedaddd8b42","conversationId":"02ceafe6-01b2-412a-952c-2319d71be8f5","msg":"State transition","eventType":"STATE_TRANSITION","providerMessageId":"SM_RA_16","fromState":"WAITING_USER","toState":"CLASSIFYING","reason":"Initial classification"}
{"level":"INFO","time":"2026-02-27T23:18:54.816Z","pid":7328,"hostname":"DESKTOP-J0KMV7Q","requestId":"d49e7518-3b8e-482b-81d4-5bedaddd8b42","conversationId":"02ceafe6-01b2-412a-952c-2319d71be8f5","msg":"State transition","eventType":"STATE_TRANSITION","providerMessageId":"SM_RA_16","fromState":"CLASSIFYING","toState":"ANSWERING"}
{"level":"INFO","time":"2026-02-27T23:18:54.821Z","pid":7328,"hostname":"DESKTOP-J0KMV7Q","requestId":"d49e7518-3b8e-482b-81d4-5bedaddd8b42","conversationId":"02ceafe6-01b2-412a-952c-2319d71be8f5","msg":"State transition","eventType":"STATE_TRANSITION","providerMessageId":"SM_RA_16","fromState":"ANSWERING","toState":"WAITING_USER"}
{"level":"INFO","time":"2026-02-27T23:18:54.821Z","pid":7328,"hostname":"DESKTOP-J0KMV7Q","requestId":"d49e7518-3b8e-482b-81d4-5bedaddd8b42","conversationId":"02ceafe6-01b2-412a-952c-2319d71be8f5","msg":"Orchestrator processing complete","finalState":"WAITING_USER","durationMs":21}
{"level":"INFO","time":"2026-02-27T23:18:54.821Z","pid":7328,"hostname":"DESKTOP-J0KMV7Q","requestId":"d49e7518-3b8e-482b-81d4-5bedaddd8b42","conversationId":"02ceafe6-01b2-412a-952c-2319d71be8f5","msg":"Inbound message accepted, job enqueued","eventType":"WEBHOOK_PROCESSED","providerMessageId":"SM_RA_16","durationMs":27}
{"level":"WARN","time":"2026-02-27T23:18:54.823Z","pid":7328,"hostname":"DESKTOP-J0KMV7Q","msg":"Rate limit exceeded","eventType":"WEBHOOK_RATE_LIMITED","requestId":"c3411ce9-8f81-49c7-bc51-360b12e4765b","key":"+12223334444","ip":"::ffff:127.0.0.1"}
{"level":"INFO","time":"2026-02-27T23:18:54.823Z","pid":7328,"hostname":"DESKTOP-J0KMV7Q","requestId":"c3411ce9-8f81-49c7-bc51-360b12e4765b","msg":"Webhook received","eventType":"WEBHOOK_RECEIVED","providerMessageId":"SM_RA_17","hasFrom":true,"fromLast4":"4444","bodyLength":15,"numMedia":0,"hasSignatureHeader":false,"path":"/webhooks/twilio"}
{"level":"INFO","time":"2026-02-27T23:18:54.831Z","pid":7328,"hostname":"DESKTOP-J0KMV7Q","requestId":"c3411ce9-8f81-49c7-bc51-360b12e4765b","conversationId":"02ceafe6-01b2-412a-952c-2319d71be8f5","msg":"Processing message in orchestrator","providerMessageId":"SM_RA_17","currentState":"WAITING_USER"}
{"level":"INFO","time":"2026-02-27T23:18:54.840Z","pid":7328,"hostname":"DESKTOP-J0KMV7Q","requestId":"c3411ce9-8f81-49c7-bc51-360b12e4765b","conversationId":"02ceafe6-01b2-412a-952c-2319d71be8f5","msg":"State transition","eventType":"STATE_TRANSITION","providerMessageId":"SM_RA_17","fromState":"WAITING_USER","toState":"CLASSIFYING","reason":"Initial classification"}
{"level":"INFO","time":"2026-02-27T23:18:54.845Z","pid":7328,"hostname":"DESKTOP-J0KMV7Q","requestId":"c3411ce9-8f81-49c7-bc51-360b12e4765b","conversationId":"02ceafe6-01b2-412a-952c-2319d71be8f5","msg":"State transition","eventType":"STATE_TRANSITION","providerMessageId":"SM_RA_17","fromState":"CLASSIFYING","toState":"ANSWERING"}
{"level":"INFO","time":"2026-02-27T23:18:54.849Z","pid":7328,"hostname":"DESKTOP-J0KMV7Q","requestId":"c3411ce9-8f81-49c7-bc51-360b12e4765b","conversationId":"02ceafe6-01b2-412a-952c-2319d71be8f5","msg":"State transition","eventType":"STATE_TRANSITION","providerMessageId":"SM_RA_17","fromState":"ANSWERING","toState":"WAITING_USER"}
{"level":"INFO","time":"2026-02-27T23:18:54.849Z","pid":7328,"hostname":"DESKTOP-J0KMV7Q","requestId":"c3411ce9-8f81-49c7-bc51-360b12e4765b","conversationId":"02ceafe6-01b2-412a-952c-2319d71be8f5","msg":"Orchestrator processing complete","finalState":"WAITING_USER","durationMs":20}
{"level":"INFO","time":"2026-02-27T23:18:54.849Z","pid":7328,"hostname":"DESKTOP-J0KMV7Q","requestId":"c3411ce9-8f81-49c7-bc51-360b12e4765b","conversationId":"02ceafe6-01b2-412a-952c-2319d71be8f5","msg":"Inbound message accepted, job enqueued","eventType":"WEBHOOK_PROCESSED","providerMessageId":"SM_RA_17","durationMs":26}
{"level":"WARN","time":"2026-02-27T23:18:54.852Z","pid":7328,"hostname":"DESKTOP-J0KMV7Q","msg":"Rate limit exceeded","eventType":"WEBHOOK_RATE_LIMITED","requestId":"9287e115-78d4-4105-9891-36855d798aab","key":"+12223334444","ip":"::ffff:127.0.0.1"}
{"level":"INFO","time":"2026-02-27T23:18:54.852Z","pid":7328,"hostname":"DESKTOP-J0KMV7Q","requestId":"9287e115-78d4-4105-9891-36855d798aab","msg":"Webhook received","eventType":"WEBHOOK_RECEIVED","providerMessageId":"SM_RA_18","hasFrom":true,"fromLast4":"4444","bodyLength":15,"numMedia":0,"hasSignatureHeader":false,"path":"/webhooks/twilio"}
{"level":"INFO","time":"2026-02-27T23:18:54.859Z","pid":7328,"hostname":"DESKTOP-J0KMV7Q","requestId":"9287e115-78d4-4105-9891-36855d798aab","conversationId":"02ceafe6-01b2-412a-952c-2319d71be8f5","msg":"Processing message in orchestrator","providerMessageId":"SM_RA_18","currentState":"WAITING_USER"}
{"level":"INFO","time":"2026-02-27T23:18:54.870Z","pid":7328,"hostname":"DESKTOP-J0KMV7Q","requestId":"9287e115-78d4-4105-9891-36855d798aab","conversationId":"02ceafe6-01b2-412a-952c-2319d71be8f5","msg":"State transition","eventType":"STATE_TRANSITION","providerMessageId":"SM_RA_18","fromState":"WAITING_USER","toState":"CLASSIFYING","reason":"Initial classification"}
{"level":"INFO","time":"2026-02-27T23:18:54.877Z","pid":7328,"hostname":"DESKTOP-J0KMV7Q","requestId":"9287e115-78d4-4105-9891-36855d798aab","conversationId":"02ceafe6-01b2-412a-952c-2319d71be8f5","msg":"State transition","eventType":"STATE_TRANSITION","providerMessageId":"SM_RA_18","fromState":"CLASSIFYING","toState":"ANSWERING"}
{"level":"INFO","time":"2026-02-27T23:18:54.881Z","pid":7328,"hostname":"DESKTOP-J0KMV7Q","requestId":"9287e115-78d4-4105-9891-36855d798aab","conversationId":"02ceafe6-01b2-412a-952c-2319d71be8f5","msg":"State transition","eventType":"STATE_TRANSITION","providerMessageId":"SM_RA_18","fromState":"ANSWERING","toState":"WAITING_USER"}
{"level":"INFO","time":"2026-02-27T23:18:54.881Z","pid":7328,"hostname":"DESKTOP-J0KMV7Q","requestId":"9287e115-78d4-4105-9891-36855d798aab","conversationId":"02ceafe6-01b2-412a-952c-2319d71be8f5","msg":"Orchestrator processing complete","finalState":"WAITING_USER","durationMs":24}
{"level":"INFO","time":"2026-02-27T23:18:54.881Z","pid":7328,"hostname":"DESKTOP-J0KMV7Q","requestId":"9287e115-78d4-4105-9891-36855d798aab","conversationId":"02ceafe6-01b2-412a-952c-2319d71be8f5","msg":"Inbound message accepted, job enqueued","eventType":"WEBHOOK_PROCESSED","providerMessageId":"SM_RA_18","durationMs":29}
{"level":"WARN","time":"2026-02-27T23:18:54.884Z","pid":7328,"hostname":"DESKTOP-J0KMV7Q","msg":"Rate limit exceeded","eventType":"WEBHOOK_RATE_LIMITED","requestId":"93c8758b-b43c-4e70-ac37-ccfd4daecb17","key":"+12223334444","ip":"::ffff:127.0.0.1"}
{"level":"INFO","time":"2026-02-27T23:18:54.884Z","pid":7328,"hostname":"DESKTOP-J0KMV7Q","requestId":"93c8758b-b43c-4e70-ac37-ccfd4daecb17","msg":"Webhook received","eventType":"WEBHOOK_RECEIVED","providerMessageId":"SM_RA_19","hasFrom":true,"fromLast4":"4444","bodyLength":15,"numMedia":0,"hasSignatureHeader":false,"path":"/webhooks/twilio"}
{"level":"INFO","time":"2026-02-27T23:18:54.891Z","pid":7328,"hostname":"DESKTOP-J0KMV7Q","requestId":"93c8758b-b43c-4e70-ac37-ccfd4daecb17","conversationId":"02ceafe6-01b2-412a-952c-2319d71be8f5","msg":"Processing message in orchestrator","providerMessageId":"SM_RA_19","currentState":"WAITING_USER"}
{"level":"INFO","time":"2026-02-27T23:18:54.902Z","pid":7328,"hostname":"DESKTOP-J0KMV7Q","requestId":"93c8758b-b43c-4e70-ac37-ccfd4daecb17","conversationId":"02ceafe6-01b2-412a-952c-2319d71be8f5","msg":"State transition","eventType":"STATE_TRANSITION","providerMessageId":"SM_RA_19","fromState":"WAITING_USER","toState":"CLASSIFYING","reason":"Initial classification"}
{"level":"INFO","time":"2026-02-27T23:18:54.907Z","pid":7328,"hostname":"DESKTOP-J0KMV7Q","requestId":"93c8758b-b43c-4e70-ac37-ccfd4daecb17","conversationId":"02ceafe6-01b2-412a-952c-2319d71be8f5","msg":"State transition","eventType":"STATE_TRANSITION","providerMessageId":"SM_RA_19","fromState":"CLASSIFYING","toState":"ANSWERING"}
{"level":"INFO","time":"2026-02-27T23:18:54.912Z","pid":7328,"hostname":"DESKTOP-J0KMV7Q","requestId":"93c8758b-b43c-4e70-ac37-ccfd4daecb17","conversationId":"02ceafe6-01b2-412a-952c-2319d71be8f5","msg":"State transition","eventType":"STATE_TRANSITION","providerMessageId":"SM_RA_19","fromState":"ANSWERING","toState":"WAITING_USER"}
{"level":"INFO","time":"2026-02-27T23:18:54.912Z","pid":7328,"hostname":"DESKTOP-J0KMV7Q","requestId":"93c8758b-b43c-4e70-ac37-ccfd4daecb17","conversationId":"02ceafe6-01b2-412a-952c-2319d71be8f5","msg":"Orchestrator processing complete","finalState":"WAITING_USER","durationMs":23}
{"level":"INFO","time":"2026-02-27T23:18:54.912Z","pid":7328,"hostname":"DESKTOP-J0KMV7Q","requestId":"93c8758b-b43c-4e70-ac37-ccfd4daecb17","conversationId":"02ceafe6-01b2-412a-952c-2319d71be8f5","msg":"Inbound message accepted, job enqueued","eventType":"WEBHOOK_PROCESSED","providerMessageId":"SM_RA_19","durationMs":28}
{"level":"WARN","time":"2026-02-27T23:18:54.920Z","pid":7328,"hostname":"DESKTOP-J0KMV7Q","msg":"Rate limit exceeded","eventType":"WEBHOOK_RATE_LIMITED","requestId":"bcb6a65b-25c8-4379-a077-15f06db07ac9","key":"+15556667777","ip":"::ffff:127.0.0.1"}
{"level":"INFO","time":"2026-02-27T23:18:54.920Z","pid":7328,"hostname":"DESKTOP-J0KMV7Q","requestId":"bcb6a65b-25c8-4379-a077-15f06db07ac9","msg":"Webhook received","eventType":"WEBHOOK_RECEIVED","providerMessageId":"SM_RATE_AUDIT_2","hasFrom":true,"fromLast4":"7777","bodyLength":17,"numMedia":0,"hasSignatureHeader":false,"path":"/webhooks/twilio"}
{"level":"INFO","time":"2026-02-27T23:18:54.929Z","pid":7328,"hostname":"DESKTOP-J0KMV7Q","requestId":"bcb6a65b-25c8-4379-a077-15f06db07ac9","conversationId":"193e0ad2-b393-4b08-b778-45cecce1d850","msg":"Processing message in orchestrator","providerMessageId":"SM_RATE_AUDIT_2","currentState":"NEW"}
{"level":"INFO","time":"2026-02-27T23:18:54.938Z","pid":7328,"hostname":"DESKTOP-J0KMV7Q","requestId":"bcb6a65b-25c8-4379-a077-15f06db07ac9","conversationId":"193e0ad2-b393-4b08-b778-45cecce1d850","msg":"State transition","eventType":"STATE_TRANSITION","providerMessageId":"SM_RATE_AUDIT_2","fromState":"NEW","toState":"CLASSIFYING","reason":"Initial classification"}
PASS tests/webhook.ratelimit.test.ts
{"level":"INFO","time":"2026-02-27T23:18:54.944Z","pid":7328,"hostname":"DESKTOP-J0KMV7Q","requestId":"bcb6a65b-25c8-4379-a077-15f06db07ac9","conversationId":"193e0ad2-b393-4b08-b778-45cecce1d850","msg":"State transition","eventType":"STATE_TRANSITION","providerMessageId":"SM_RATE_AUDIT_2","fromState":"CLASSIFYING","toState":"ANSWERING"}
{"level":"INFO","time":"2026-02-27T23:18:54.949Z","pid":7328,"hostname":"DESKTOP-J0KMV7Q","requestId":"bcb6a65b-25c8-4379-a077-15f06db07ac9","conversationId":"193e0ad2-b393-4b08-b778-45cecce1d850","msg":"State transition","eventType":"STATE_TRANSITION","providerMessageId":"SM_RATE_AUDIT_2","fromState":"ANSWERING","toState":"WAITING_USER"}
{"level":"INFO","time":"2026-02-27T23:18:54.949Z","pid":7328,"hostname":"DESKTOP-J0KMV7Q","requestId":"bcb6a65b-25c8-4379-a077-15f06db07ac9","conversationId":"193e0ad2-b393-4b08-b778-45cecce1d850","msg":"Orchestrator processing complete","finalState":"WAITING_USER","durationMs":22}
{"level":"INFO","time":"2026-02-27T23:18:54.949Z","pid":7328,"hostname":"DESKTOP-J0KMV7Q","requestId":"bcb6a65b-25c8-4379-a077-15f06db07ac9","conversationId":"193e0ad2-b393-4b08-b778-45cecce1d850","msg":"Inbound message accepted, job enqueued","eventType":"WEBHOOK_PROCESSED","providerMessageId":"SM_RATE_AUDIT_2","durationMs":29}
{"level":"WARN","time":"2026-02-27T23:18:55.435Z","pid":7328,"hostname":"DESKTOP-J0KMV7Q","msg":"Rate limit exceeded","eventType":"WEBHOOK_RATE_LIMITED","requestId":"d5a50374-d09d-452a-96b3-312672c42ee0","key":"+15551908263","ip":"::ffff:127.0.0.1"}
{"level":"INFO","time":"2026-02-27T23:18:55.436Z","pid":7328,"hostname":"DESKTOP-J0KMV7Q","requestId":"d5a50374-d09d-452a-96b3-312672c42ee0","msg":"Webhook received","eventType":"WEBHOOK_RECEIVED","providerMessageId":"SM_JOB_TEST_1772234335378","hasFrom":true,"fromLast4":"8263","bodyLength":20,"numMedia":0,"hasSignatureHeader":false,"path":"/webhooks/twilio"}
{"level":"INFO","time":"2026-02-27T23:18:55.456Z","pid":7328,"hostname":"DESKTOP-J0KMV7Q","requestId":"d5a50374-d09d-452a-96b3-312672c42ee0","conversationId":"871f23d1-1e2c-413f-a4d0-2fa160074d45","msg":"Processing message in orchestrator","providerMessageId":"SM_JOB_TEST_1772234335378","currentState":"NEW"}
{"level":"INFO","time":"2026-02-27T23:18:55.471Z","pid":7328,"hostname":"DESKTOP-J0KMV7Q","requestId":"d5a50374-d09d-452a-96b3-312672c42ee0","conversationId":"871f23d1-1e2c-413f-a4d0-2fa160074d45","msg":"State transition","eventType":"STATE_TRANSITION","providerMessageId":"SM_JOB_TEST_1772234335378","fromState":"NEW","toState":"CLASSIFYING","reason":"Initial classification"}
{"level":"INFO","time":"2026-02-27T23:18:55.479Z","pid":7328,"hostname":"DESKTOP-J0KMV7Q","requestId":"d5a50374-d09d-452a-96b3-312672c42ee0","conversationId":"871f23d1-1e2c-413f-a4d0-2fa160074d45","msg":"State transition","eventType":"STATE_TRANSITION","providerMessageId":"SM_JOB_TEST_1772234335378","fromState":"CLASSIFYING","toState":"ANSWERING"}
{"level":"INFO","time":"2026-02-27T23:18:55.484Z","pid":7328,"hostname":"DESKTOP-J0KMV7Q","requestId":"d5a50374-d09d-452a-96b3-312672c42ee0","conversationId":"871f23d1-1e2c-413f-a4d0-2fa160074d45","msg":"State transition","eventType":"STATE_TRANSITION","providerMessageId":"SM_JOB_TEST_1772234335378","fromState":"ANSWERING","toState":"WAITING_USER"}
{"level":"INFO","time":"2026-02-27T23:18:55.484Z","pid":7328,"hostname":"DESKTOP-J0KMV7Q","requestId":"d5a50374-d09d-452a-96b3-312672c42ee0","conversationId":"871f23d1-1e2c-413f-a4d0-2fa160074d45","msg":"Orchestrator processing complete","finalState":"WAITING_USER","durationMs":34}
{"level":"INFO","time":"2026-02-27T23:18:55.484Z","pid":7328,"hostname":"DESKTOP-J0KMV7Q","requestId":"d5a50374-d09d-452a-96b3-312672c42ee0","conversationId":"871f23d1-1e2c-413f-a4d0-2fa160074d45","msg":"Inbound message accepted, job enqueued","eventType":"WEBHOOK_PROCESSED","providerMessageId":"SM_JOB_TEST_1772234335378","durationMs":48}
{"level":"WARN","time":"2026-02-27T23:18:55.511Z","pid":7328,"hostname":"DESKTOP-J0KMV7Q","msg":"Rate limit exceeded","eventType":"WEBHOOK_RATE_LIMITED","requestId":"9cde9ebd-ffe6-450c-a33f-cf6a361662ec","key":"+15551908263","ip":"::ffff:127.0.0.1"}
{"level":"INFO","time":"2026-02-27T23:18:55.511Z","pid":7328,"hostname":"DESKTOP-J0KMV7Q","requestId":"9cde9ebd-ffe6-450c-a33f-cf6a361662ec","msg":"Webhook received","eventType":"WEBHOOK_RECEIVED","providerMessageId":"SM_JOB_TEST_1772234335378","hasFrom":true,"fromLast4":"8263","bodyLength":20,"numMedia":0,"hasSignatureHeader":false,"path":"/webhooks/twilio"}
{"level":"INFO","time":"2026-02-27T23:18:55.521Z","pid":7328,"hostname":"DESKTOP-J0KMV7Q","requestId":"9cde9ebd-ffe6-450c-a33f-cf6a361662ec","conversationId":"ed9558b0-f88b-40a5-8cd0-530d6691efcd","msg":"Processing message in orchestrator","providerMessageId":"SM_JOB_TEST_1772234335378","currentState":"NEW"}
{"level":"INFO","time":"2026-02-27T23:18:55.533Z","pid":7328,"hostname":"DESKTOP-J0KMV7Q","requestId":"9cde9ebd-ffe6-450c-a33f-cf6a361662ec","conversationId":"ed9558b0-f88b-40a5-8cd0-530d6691efcd","msg":"State transition","eventType":"STATE_TRANSITION","providerMessageId":"SM_JOB_TEST_1772234335378","fromState":"NEW","toState":"CLASSIFYING","reason":"Initial classification"}
{"level":"INFO","time":"2026-02-27T23:18:55.538Z","pid":7328,"hostname":"DESKTOP-J0KMV7Q","requestId":"9cde9ebd-ffe6-450c-a33f-cf6a361662ec","conversationId":"ed9558b0-f88b-40a5-8cd0-530d6691efcd","msg":"State transition","eventType":"STATE_TRANSITION","providerMessageId":"SM_JOB_TEST_1772234335378","fromState":"CLASSIFYING","toState":"ANSWERING"}
PASS tests/webhook.job.test.ts
{"level":"INFO","time":"2026-02-27T23:18:55.544Z","pid":7328,"hostname":"DESKTOP-J0KMV7Q","requestId":"9cde9ebd-ffe6-450c-a33f-cf6a361662ec","conversationId":"ed9558b0-f88b-40a5-8cd0-530d6691efcd","msg":"State transition","eventType":"STATE_TRANSITION","providerMessageId":"SM_JOB_TEST_1772234335378","fromState":"ANSWERING","toState":"WAITING_USER"}
{"level":"INFO","time":"2026-02-27T23:18:55.544Z","pid":7328,"hostname":"DESKTOP-J0KMV7Q","requestId":"9cde9ebd-ffe6-450c-a33f-cf6a361662ec","conversationId":"ed9558b0-f88b-40a5-8cd0-530d6691efcd","msg":"Orchestrator processing complete","finalState":"WAITING_USER","durationMs":25}
{"level":"INFO","time":"2026-02-27T23:18:55.544Z","pid":7328,"hostname":"DESKTOP-J0KMV7Q","requestId":"9cde9ebd-ffe6-450c-a33f-cf6a361662ec","conversationId":"ed9558b0-f88b-40a5-8cd0-530d6691efcd","msg":"Inbound message accepted, job enqueued","eventType":"WEBHOOK_PROCESSED","providerMessageId":"SM_JOB_TEST_1772234335378","durationMs":33}
{"level":"WARN","time":"2026-02-27T23:18:55.550Z","pid":7328,"hostname":"DESKTOP-J0KMV7Q","msg":"Rate limit exceeded","eventType":"WEBHOOK_RATE_LIMITED","requestId":"2ed873fc-9d47-4b7e-b387-f4006fab6d13","key":"+15551908263","ip":"::ffff:127.0.0.1"}
{"level":"INFO","time":"2026-02-27T23:18:55.550Z","pid":7328,"hostname":"DESKTOP-J0KMV7Q","requestId":"2ed873fc-9d47-4b7e-b387-f4006fab6d13","msg":"Webhook received","eventType":"WEBHOOK_RECEIVED","providerMessageId":"SM_JOB_TEST_1772234335378","hasFrom":true,"fromLast4":"8263","bodyLength":20,"numMedia":0,"hasSignatureHeader":false,"path":"/webhooks/twilio"}
{"level":"INFO","time":"2026-02-27T23:18:55.552Z","pid":7328,"hostname":"DESKTOP-J0KMV7Q","requestId":"2ed873fc-9d47-4b7e-b387-f4006fab6d13","msg":"Duplicate message received","eventType":"WEBHOOK_IDEMPOTENT_HIT","providerMessageId":"SM_JOB_TEST_1772234335378","durationMs":2}
{"level":"INFO","time":"2026-02-27T23:18:55.815Z","pid":7328,"hostname":"DESKTOP-J0KMV7Q","eventType":"JOB_CLAIMED","workerId":"test-worker-send","count":1}
{"level":"INFO","time":"2026-02-27T23:18:55.815Z","pid":7328,"hostname":"DESKTOP-J0KMV7Q","workerId":"test-worker-send","eventType":"JOB_CLAIMED","count":1,"workerId":"test-worker-send"}
{"level":"INFO","time":"2026-02-27T23:18:55.816Z","pid":7328,"hostname":"DESKTOP-J0KMV7Q","jobId":"2551cedb-9191-4308-8091-bbed0d93edc5","type":"AI_REPLY_REQUESTED","conversationId":"64613ddc-6ca3-4728-8802-0b499d5b967d","workerId":"test-worker-send","eventType":"JOB_PROCESS_STARTED"}
{"level":"INFO","time":"2026-02-27T23:18:55.845Z","pid":7328,"hostname":"DESKTOP-J0KMV7Q","jobId":"2551cedb-9191-4308-8091-bbed0d93edc5","type":"AI_REPLY_REQUESTED","conversationId":"64613ddc-6ca3-4728-8802-0b499d5b967d","workerId":"test-worker-send","eventType":"JOB_PROCESS_SUCCEEDED","durationMs":29}
{"level":"INFO","time":"2026-02-27T23:18:55.850Z","pid":7328,"hostname":"DESKTOP-J0KMV7Q","eventType":"OP_EVENT_RECORDED","operationalType":"SEND_SUCCESS","jobId":"2551cedb-9191-4308-8091-bbed0d93edc5","conversationId":"64613ddc-6ca3-4728-8802-0b499d5b967d"}
{"level":"INFO","time":"2026-02-27T23:18:55.870Z","pid":7328,"hostname":"DESKTOP-J0KMV7Q","eventType":"WORKER_HEARTBEAT","workerId":"test-worker-send","claimedDelta":1}
PASS tests/jobs.worker.send.test.ts
{"level":"INFO","time":"2026-02-27T23:18:55.927Z","pid":7328,"hostname":"DESKTOP-J0KMV7Q","eventType":"JOB_CLAIMED","workerId":"test-worker-send-1","count":1}
{"level":"INFO","time":"2026-02-27T23:18:55.927Z","pid":7328,"hostname":"DESKTOP-J0KMV7Q","workerId":"test-worker-send-1","eventType":"JOB_CLAIMED","count":1,"workerId":"test-worker-send-1"}
{"level":"INFO","time":"2026-02-27T23:18:55.927Z","pid":7328,"hostname":"DESKTOP-J0KMV7Q","jobId":"2b05ab4b-dbc6-44f8-bc6e-a9b1518e40b7","type":"AI_REPLY_REQUESTED","conversationId":"5d8cd01e-9548-4bdd-9ea8-d7dbfd2c8226","workerId":"test-worker-send-1","eventType":"JOB_PROCESS_STARTED"}
{"level":"INFO","time":"2026-02-27T23:18:55.950Z","pid":7328,"hostname":"DESKTOP-J0KMV7Q","jobId":"2b05ab4b-dbc6-44f8-bc6e-a9b1518e40b7","type":"AI_REPLY_REQUESTED","conversationId":"5d8cd01e-9548-4bdd-9ea8-d7dbfd2c8226","workerId":"test-worker-send-1","eventType":"JOB_PROCESS_SUCCEEDED","durationMs":23}
{"level":"INFO","time":"2026-02-27T23:18:55.955Z","pid":7328,"hostname":"DESKTOP-J0KMV7Q","eventType":"OP_EVENT_RECORDED","operationalType":"SEND_SUCCESS","jobId":"2b05ab4b-dbc6-44f8-bc6e-a9b1518e40b7","conversationId":"5d8cd01e-9548-4bdd-9ea8-d7dbfd2c8226"}
{"level":"INFO","time":"2026-02-27T23:18:55.958Z","pid":7328,"hostname":"DESKTOP-J0KMV7Q","eventType":"JOB_CLAIMED","workerId":"test-worker-send-2","count":1}
{"level":"INFO","time":"2026-02-27T23:18:55.958Z","pid":7328,"hostname":"DESKTOP-J0KMV7Q","workerId":"test-worker-send-2","eventType":"JOB_CLAIMED","count":1,"workerId":"test-worker-send-2"}
{"level":"INFO","time":"2026-02-27T23:18:55.958Z","pid":7328,"hostname":"DESKTOP-J0KMV7Q","jobId":"2b05ab4b-dbc6-44f8-bc6e-a9b1518e40b7","type":"AI_REPLY_REQUESTED","conversationId":"5d8cd01e-9548-4bdd-9ea8-d7dbfd2c8226","workerId":"test-worker-send-2","eventType":"JOB_PROCESS_STARTED"}
{"level":"INFO","time":"2026-02-27T23:18:55.970Z","pid":7328,"hostname":"DESKTOP-J0KMV7Q","jobId":"2b05ab4b-dbc6-44f8-bc6e-a9b1518e40b7","type":"AI_REPLY_REQUESTED","conversationId":"5d8cd01e-9548-4bdd-9ea8-d7dbfd2c8226","workerId":"test-worker-send-2","eventType":"JOB_OUTBOUND_ALREADY_SENT","providerMessageId":"job-2b05ab4b-dbc6-44f8-bc6e-a9b1518e40b7"}
{"level":"INFO","time":"2026-02-27T23:18:55.976Z","pid":7328,"hostname":"DESKTOP-J0KMV7Q","eventType":"OP_EVENT_RECORDED","operationalType":"SEND_SUCCESS","jobId":"2b05ab4b-dbc6-44f8-bc6e-a9b1518e40b7","conversationId":"5d8cd01e-9548-4bdd-9ea8-d7dbfd2c8226"}
{"level":"INFO","time":"2026-02-27T23:18:55.976Z","pid":7328,"hostname":"DESKTOP-J0KMV7Q","jobId":"2b05ab4b-dbc6-44f8-bc6e-a9b1518e40b7","type":"AI_REPLY_REQUESTED","conversationId":"5d8cd01e-9548-4bdd-9ea8-d7dbfd2c8226","workerId":"test-worker-send-2","eventType":"JOB_PROCESS_SUCCEEDED","durationMs":18}
{"level":"INFO","time":"2026-02-27T23:18:56.000Z","pid":7328,"hostname":"DESKTOP-J0KMV7Q","eventType":"JOB_CLAIMED","workerId":"test-worker-send-fail","count":1}
{"level":"INFO","time":"2026-02-27T23:18:56.000Z","pid":7328,"hostname":"DESKTOP-J0KMV7Q","workerId":"test-worker-send-fail","eventType":"JOB_CLAIMED","count":1,"workerId":"test-worker-send-fail"}
{"level":"INFO","time":"2026-02-27T23:18:56.000Z","pid":7328,"hostname":"DESKTOP-J0KMV7Q","jobId":"76aaaf6f-3c6b-4bdc-aa4c-60bef15bc239","type":"AI_REPLY_REQUESTED","conversationId":"99c32ff2-1cac-4b26-a4fb-2f09b2cbcb54","workerId":"test-worker-send-fail","eventType":"JOB_PROCESS_STARTED"}
{"level":"WARN","time":"2026-02-27T23:18:56.017Z","pid":7328,"hostname":"DESKTOP-J0KMV7Q","jobId":"76aaaf6f-3c6b-4bdc-aa4c-60bef15bc239","type":"AI_REPLY_REQUESTED","conversationId":"99c32ff2-1cac-4b26-a4fb-2f09b2cbcb54","workerId":"test-worker-send-fail","eventType":"JOB_PROCESS_FAILED","durationMs":13,"attempts":1,"nextRunAt":"2026-02-27T23:18:58.013Z","error":"Twilio network error"}
PASS tests/webhook.correlation.test.ts
{"level":"WARN","time":"2026-02-27T23:18:56.491Z","pid":7328,"hostname":"DESKTOP-J0KMV7Q","msg":"Rate limit exceeded","eventType":"WEBHOOK_RATE_LIMITED","requestId":"c306c81a-565f-4d43-80dd-1c66a0a82ee5","key":"+1111111111","ip":"::ffff:127.0.0.1"}
{"level":"WARN","time":"2026-02-27T23:18:57.061Z","pid":7328,"hostname":"DESKTOP-J0KMV7Q","msg":"Rate limit exceeded","eventType":"WEBHOOK_RATE_LIMITED","requestId":"707f0432-403a-4782-812a-b727a775c8a4","key":"+19998887777","ip":"::ffff:127.0.0.1"}
{"level":"INFO","time":"2026-02-27T23:18:57.062Z","pid":7328,"hostname":"DESKTOP-J0KMV7Q","requestId":"707f0432-403a-4782-812a-b727a775c8a4","msg":"Webhook received","eventType":"WEBHOOK_RECEIVED","providerMessageId":"SM_CONC_TEST_100","hasFrom":true,"fromLast4":"7777","bodyLength":23,"numMedia":0,"hasSignatureHeader":false,"path":"/webhooks/twilio"}
{"level":"WARN","time":"2026-02-27T23:18:57.064Z","pid":7328,"hostname":"DESKTOP-J0KMV7Q","msg":"Rate limit exceeded","eventType":"WEBHOOK_RATE_LIMITED","requestId":"bde50429-532a-40b4-838c-892a8bcc1d16","key":"+19998887777","ip":"::ffff:127.0.0.1"}
{"level":"INFO","time":"2026-02-27T23:18:57.064Z","pid":7328,"hostname":"DESKTOP-J0KMV7Q","requestId":"bde50429-532a-40b4-838c-892a8bcc1d16","msg":"Webhook received","eventType":"WEBHOOK_RECEIVED","providerMessageId":"SM_CONC_TEST_100","hasFrom":true,"fromLast4":"7777","bodyLength":23,"numMedia":0,"hasSignatureHeader":false,"path":"/webhooks/twilio"}
{"level":"WARN","time":"2026-02-27T23:18:57.065Z","pid":7328,"hostname":"DESKTOP-J0KMV7Q","msg":"Rate limit exceeded","eventType":"WEBHOOK_RATE_LIMITED","requestId":"c0779f01-1fd8-47a3-bbe2-d581179347f5","key":"+19998887777","ip":"::ffff:127.0.0.1"}
{"level":"INFO","time":"2026-02-27T23:18:57.065Z","pid":7328,"hostname":"DESKTOP-J0KMV7Q","requestId":"c0779f01-1fd8-47a3-bbe2-d581179347f5","msg":"Webhook received","eventType":"WEBHOOK_RECEIVED","providerMessageId":"SM_CONC_TEST_100","hasFrom":true,"fromLast4":"7777","bodyLength":23,"numMedia":0,"hasSignatureHeader":false,"path":"/webhooks/twilio"}
{"level":"WARN","time":"2026-02-27T23:18:57.068Z","pid":7328,"hostname":"DESKTOP-J0KMV7Q","msg":"Rate limit exceeded","eventType":"WEBHOOK_RATE_LIMITED","requestId":"a5393c84-5e9f-487b-91c7-31ad03e3d19a","key":"+19998887777","ip":"::ffff:127.0.0.1"}
{"level":"INFO","time":"2026-02-27T23:18:57.068Z","pid":7328,"hostname":"DESKTOP-J0KMV7Q","requestId":"a5393c84-5e9f-487b-91c7-31ad03e3d19a","msg":"Webhook received","eventType":"WEBHOOK_RECEIVED","providerMessageId":"SM_CONC_TEST_100","hasFrom":true,"fromLast4":"7777","bodyLength":23,"numMedia":0,"hasSignatureHeader":false,"path":"/webhooks/twilio"}
{"level":"WARN","time":"2026-02-27T23:18:57.070Z","pid":7328,"hostname":"DESKTOP-J0KMV7Q","msg":"Rate limit exceeded","eventType":"WEBHOOK_RATE_LIMITED","requestId":"87b0c250-fe80-4cf2-9996-a87da4617e5f","key":"+19998887777","ip":"::ffff:127.0.0.1"}
{"level":"INFO","time":"2026-02-27T23:18:57.070Z","pid":7328,"hostname":"DESKTOP-J0KMV7Q","requestId":"87b0c250-fe80-4cf2-9996-a87da4617e5f","msg":"Webhook received","eventType":"WEBHOOK_RECEIVED","providerMessageId":"SM_CONC_TEST_100","hasFrom":true,"fromLast4":"7777","bodyLength":23,"numMedia":0,"hasSignatureHeader":false,"path":"/webhooks/twilio"}
{"level":"WARN","time":"2026-02-27T23:18:57.073Z","pid":7328,"hostname":"DESKTOP-J0KMV7Q","msg":"Rate limit exceeded","eventType":"WEBHOOK_RATE_LIMITED","requestId":"25d24257-40bd-40d5-8fd0-87e74cb84e62","key":"+19998887777","ip":"::ffff:127.0.0.1"}
{"level":"INFO","time":"2026-02-27T23:18:57.073Z","pid":7328,"hostname":"DESKTOP-J0KMV7Q","requestId":"25d24257-40bd-40d5-8fd0-87e74cb84e62","msg":"Webhook received","eventType":"WEBHOOK_RECEIVED","providerMessageId":"SM_CONC_TEST_100","hasFrom":true,"fromLast4":"7777","bodyLength":23,"numMedia":0,"hasSignatureHeader":false,"path":"/webhooks/twilio"}
{"level":"WARN","time":"2026-02-27T23:18:57.074Z","pid":7328,"hostname":"DESKTOP-J0KMV7Q","msg":"Rate limit exceeded","eventType":"WEBHOOK_RATE_LIMITED","requestId":"67f15fb1-d1e7-4c7b-bfee-5bde30315878","key":"+19998887777","ip":"::ffff:127.0.0.1"}
{"level":"INFO","time":"2026-02-27T23:18:57.075Z","pid":7328,"hostname":"DESKTOP-J0KMV7Q","requestId":"67f15fb1-d1e7-4c7b-bfee-5bde30315878","msg":"Webhook received","eventType":"WEBHOOK_RECEIVED","providerMessageId":"SM_CONC_TEST_100","hasFrom":true,"fromLast4":"7777","bodyLength":23,"numMedia":0,"hasSignatureHeader":false,"path":"/webhooks/twilio"}
{"level":"WARN","time":"2026-02-27T23:18:57.077Z","pid":7328,"hostname":"DESKTOP-J0KMV7Q","msg":"Rate limit exceeded","eventType":"WEBHOOK_RATE_LIMITED","requestId":"e916238b-aaba-48c2-a54f-ae25e92cf213","key":"+19998887777","ip":"::ffff:127.0.0.1"}
{"level":"INFO","time":"2026-02-27T23:18:57.077Z","pid":7328,"hostname":"DESKTOP-J0KMV7Q","requestId":"e916238b-aaba-48c2-a54f-ae25e92cf213","msg":"Webhook received","eventType":"WEBHOOK_RECEIVED","providerMessageId":"SM_CONC_TEST_100","hasFrom":true,"fromLast4":"7777","bodyLength":23,"numMedia":0,"hasSignatureHeader":false,"path":"/webhooks/twilio"}
{"level":"WARN","time":"2026-02-27T23:18:57.079Z","pid":7328,"hostname":"DESKTOP-J0KMV7Q","msg":"Rate limit exceeded","eventType":"WEBHOOK_RATE_LIMITED","requestId":"6e39a950-83c9-4135-8aac-0f9b7ff5bcec","key":"+19998887777","ip":"::ffff:127.0.0.1"}
{"level":"INFO","time":"2026-02-27T23:18:57.079Z","pid":7328,"hostname":"DESKTOP-J0KMV7Q","requestId":"6e39a950-83c9-4135-8aac-0f9b7ff5bcec","msg":"Webhook received","eventType":"WEBHOOK_RECEIVED","providerMessageId":"SM_CONC_TEST_100","hasFrom":true,"fromLast4":"7777","bodyLength":23,"numMedia":0,"hasSignatureHeader":false,"path":"/webhooks/twilio"}
{"level":"WARN","time":"2026-02-27T23:18:57.080Z","pid":7328,"hostname":"DESKTOP-J0KMV7Q","msg":"Rate limit exceeded","eventType":"WEBHOOK_RATE_LIMITED","requestId":"c3cc00a9-cd63-430f-a40b-1b25f0fa6b5e","key":"+19998887777","ip":"::ffff:127.0.0.1"}
{"level":"INFO","time":"2026-02-27T23:18:57.080Z","pid":7328,"hostname":"DESKTOP-J0KMV7Q","requestId":"c3cc00a9-cd63-430f-a40b-1b25f0fa6b5e","msg":"Webhook received","eventType":"WEBHOOK_RECEIVED","providerMessageId":"SM_CONC_TEST_100","hasFrom":true,"fromLast4":"7777","bodyLength":23,"numMedia":0,"hasSignatureHeader":false,"path":"/webhooks/twilio"}
{"level":"WARN","time":"2026-02-27T23:18:57.081Z","pid":7328,"hostname":"DESKTOP-J0KMV7Q","msg":"Rate limit exceeded","eventType":"WEBHOOK_RATE_LIMITED","requestId":"31928a9c-a3b5-472f-bdde-2bac1aa0da27","key":"+19998887777","ip":"::ffff:127.0.0.1"}
{"level":"INFO","time":"2026-02-27T23:18:57.081Z","pid":7328,"hostname":"DESKTOP-J0KMV7Q","requestId":"31928a9c-a3b5-472f-bdde-2bac1aa0da27","msg":"Webhook received","eventType":"WEBHOOK_RECEIVED","providerMessageId":"SM_CONC_TEST_100","hasFrom":true,"fromLast4":"7777","bodyLength":23,"numMedia":0,"hasSignatureHeader":false,"path":"/webhooks/twilio"}
{"level":"WARN","time":"2026-02-27T23:18:57.082Z","pid":7328,"hostname":"DESKTOP-J0KMV7Q","msg":"Rate limit exceeded","eventType":"WEBHOOK_RATE_LIMITED","requestId":"7368d7c4-0030-4a81-a429-d575e2625f64","key":"+19998887777","ip":"::ffff:127.0.0.1"}
{"level":"INFO","time":"2026-02-27T23:18:57.082Z","pid":7328,"hostname":"DESKTOP-J0KMV7Q","requestId":"7368d7c4-0030-4a81-a429-d575e2625f64","msg":"Webhook received","eventType":"WEBHOOK_RECEIVED","providerMessageId":"SM_CONC_TEST_100","hasFrom":true,"fromLast4":"7777","bodyLength":23,"numMedia":0,"hasSignatureHeader":false,"path":"/webhooks/twilio"}
{"level":"WARN","time":"2026-02-27T23:18:57.084Z","pid":7328,"hostname":"DESKTOP-J0KMV7Q","msg":"Rate limit exceeded","eventType":"WEBHOOK_RATE_LIMITED","requestId":"bace60f8-fc1e-4a56-841a-5bf88fc09da7","key":"+19998887777","ip":"::ffff:127.0.0.1"}
{"level":"INFO","time":"2026-02-27T23:18:57.084Z","pid":7328,"hostname":"DESKTOP-J0KMV7Q","requestId":"bace60f8-fc1e-4a56-841a-5bf88fc09da7","msg":"Webhook received","eventType":"WEBHOOK_RECEIVED","providerMessageId":"SM_CONC_TEST_100","hasFrom":true,"fromLast4":"7777","bodyLength":23,"numMedia":0,"hasSignatureHeader":false,"path":"/webhooks/twilio"}
{"level":"WARN","time":"2026-02-27T23:18:57.085Z","pid":7328,"hostname":"DESKTOP-J0KMV7Q","msg":"Rate limit exceeded","eventType":"WEBHOOK_RATE_LIMITED","requestId":"58cc5694-04eb-44f9-af80-8210b8a1f4a3","key":"+19998887777","ip":"::ffff:127.0.0.1"}
{"level":"INFO","time":"2026-02-27T23:18:57.085Z","pid":7328,"hostname":"DESKTOP-J0KMV7Q","requestId":"58cc5694-04eb-44f9-af80-8210b8a1f4a3","msg":"Webhook received","eventType":"WEBHOOK_RECEIVED","providerMessageId":"SM_CONC_TEST_100","hasFrom":true,"fromLast4":"7777","bodyLength":23,"numMedia":0,"hasSignatureHeader":false,"path":"/webhooks/twilio"}
{"level":"WARN","time":"2026-02-27T23:18:57.087Z","pid":7328,"hostname":"DESKTOP-J0KMV7Q","msg":"Rate limit exceeded","eventType":"WEBHOOK_RATE_LIMITED","requestId":"3deed78b-931d-49b6-b2f1-c2fd7b7cb0df","key":"+19998887777","ip":"::ffff:127.0.0.1"}
{"level":"INFO","time":"2026-02-27T23:18:57.087Z","pid":7328,"hostname":"DESKTOP-J0KMV7Q","requestId":"3deed78b-931d-49b6-b2f1-c2fd7b7cb0df","msg":"Webhook received","eventType":"WEBHOOK_RECEIVED","providerMessageId":"SM_CONC_TEST_100","hasFrom":true,"fromLast4":"7777","bodyLength":23,"numMedia":0,"hasSignatureHeader":false,"path":"/webhooks/twilio"}
{"level":"WARN","time":"2026-02-27T23:18:57.087Z","pid":7328,"hostname":"DESKTOP-J0KMV7Q","msg":"Rate limit exceeded","eventType":"WEBHOOK_RATE_LIMITED","requestId":"03d7321d-b2eb-4460-8aba-0953a563e72f","key":"+19998887777","ip":"::ffff:127.0.0.1"}
{"level":"INFO","time":"2026-02-27T23:18:57.088Z","pid":7328,"hostname":"DESKTOP-J0KMV7Q","requestId":"03d7321d-b2eb-4460-8aba-0953a563e72f","msg":"Webhook received","eventType":"WEBHOOK_RECEIVED","providerMessageId":"SM_CONC_TEST_100","hasFrom":true,"fromLast4":"7777","bodyLength":23,"numMedia":0,"hasSignatureHeader":false,"path":"/webhooks/twilio"}
{"level":"WARN","time":"2026-02-27T23:18:57.089Z","pid":7328,"hostname":"DESKTOP-J0KMV7Q","msg":"Rate limit exceeded","eventType":"WEBHOOK_RATE_LIMITED","requestId":"5a5ba1d4-abcd-4156-bba9-4bad8f308c36","key":"+19998887777","ip":"::ffff:127.0.0.1"}
{"level":"INFO","time":"2026-02-27T23:18:57.089Z","pid":7328,"hostname":"DESKTOP-J0KMV7Q","requestId":"5a5ba1d4-abcd-4156-bba9-4bad8f308c36","msg":"Webhook received","eventType":"WEBHOOK_RECEIVED","providerMessageId":"SM_CONC_TEST_100","hasFrom":true,"fromLast4":"7777","bodyLength":23,"numMedia":0,"hasSignatureHeader":false,"path":"/webhooks/twilio"}
{"level":"WARN","time":"2026-02-27T23:18:57.090Z","pid":7328,"hostname":"DESKTOP-J0KMV7Q","msg":"Rate limit exceeded","eventType":"WEBHOOK_RATE_LIMITED","requestId":"95cfda5f-5d8f-40ce-a7fa-0db2f231e83d","key":"+19998887777","ip":"::ffff:127.0.0.1"}
{"level":"INFO","time":"2026-02-27T23:18:57.090Z","pid":7328,"hostname":"DESKTOP-J0KMV7Q","requestId":"95cfda5f-5d8f-40ce-a7fa-0db2f231e83d","msg":"Webhook received","eventType":"WEBHOOK_RECEIVED","providerMessageId":"SM_CONC_TEST_100","hasFrom":true,"fromLast4":"7777","bodyLength":23,"numMedia":0,"hasSignatureHeader":false,"path":"/webhooks/twilio"}
{"level":"WARN","time":"2026-02-27T23:18:57.091Z","pid":7328,"hostname":"DESKTOP-J0KMV7Q","msg":"Rate limit exceeded","eventType":"WEBHOOK_RATE_LIMITED","requestId":"cb81b734-a2d3-4d0c-843c-e6485c4e193d","key":"+19998887777","ip":"::ffff:127.0.0.1"}
{"level":"INFO","time":"2026-02-27T23:18:57.091Z","pid":7328,"hostname":"DESKTOP-J0KMV7Q","requestId":"cb81b734-a2d3-4d0c-843c-e6485c4e193d","msg":"Webhook received","eventType":"WEBHOOK_RECEIVED","providerMessageId":"SM_CONC_TEST_100","hasFrom":true,"fromLast4":"7777","bodyLength":23,"numMedia":0,"hasSignatureHeader":false,"path":"/webhooks/twilio"}
{"level":"WARN","time":"2026-02-27T23:18:57.092Z","pid":7328,"hostname":"DESKTOP-J0KMV7Q","msg":"Rate limit exceeded","eventType":"WEBHOOK_RATE_LIMITED","requestId":"f5acd8fa-7311-41e2-8f43-1fee5640db5f","key":"+19998887777","ip":"::ffff:127.0.0.1"}
{"level":"INFO","time":"2026-02-27T23:18:57.092Z","pid":7328,"hostname":"DESKTOP-J0KMV7Q","requestId":"f5acd8fa-7311-41e2-8f43-1fee5640db5f","msg":"Webhook received","eventType":"WEBHOOK_RECEIVED","providerMessageId":"SM_CONC_TEST_100","hasFrom":true,"fromLast4":"7777","bodyLength":23,"numMedia":0,"hasSignatureHeader":false,"path":"/webhooks/twilio"}
{"level":"INFO","time":"2026-02-27T23:18:57.136Z","pid":7328,"hostname":"DESKTOP-J0KMV7Q","requestId":"87b0c250-fe80-4cf2-9996-a87da4617e5f","msg":"Concurrent idempotent hit (race condition)","eventType":"WEBHOOK_IDEMPOTENT_HIT","providerMessageId":"SM_CONC_TEST_100","durationMs":66}
{"level":"INFO","time":"2026-02-27T23:18:57.141Z","pid":7328,"hostname":"DESKTOP-J0KMV7Q","requestId":"a5393c84-5e9f-487b-91c7-31ad03e3d19a","msg":"Concurrent idempotent hit (race condition)","eventType":"WEBHOOK_IDEMPOTENT_HIT","providerMessageId":"SM_CONC_TEST_100","durationMs":73}
{"level":"INFO","time":"2026-02-27T23:18:57.166Z","pid":7328,"hostname":"DESKTOP-J0KMV7Q","requestId":"707f0432-403a-4782-812a-b727a775c8a4","conversationId":"bdbb3af0-152a-4767-9cea-07fc63feca96","msg":"Processing message in orchestrator","providerMessageId":"SM_CONC_TEST_100","currentState":"NEW"}
{"level":"INFO","time":"2026-02-27T23:18:57.167Z","pid":7328,"hostname":"DESKTOP-J0KMV7Q","requestId":"7368d7c4-0030-4a81-a429-d575e2625f64","conversationId":"bdbb3af0-152a-4767-9cea-07fc63feca96","msg":"Processing message in orchestrator","providerMessageId":"SM_CONC_TEST_100","currentState":"NEW"}
{"level":"INFO","time":"2026-02-27T23:18:57.169Z","pid":7328,"hostname":"DESKTOP-J0KMV7Q","requestId":"58cc5694-04eb-44f9-af80-8210b8a1f4a3","conversationId":"bdbb3af0-152a-4767-9cea-07fc63feca96","msg":"Processing message in orchestrator","providerMessageId":"SM_CONC_TEST_100","currentState":"NEW"}
{"level":"INFO","time":"2026-02-27T23:18:57.170Z","pid":7328,"hostname":"DESKTOP-J0KMV7Q","requestId":"25d24257-40bd-40d5-8fd0-87e74cb84e62","conversationId":"bdbb3af0-152a-4767-9cea-07fc63feca96","msg":"Processing message in orchestrator","providerMessageId":"SM_CONC_TEST_100","currentState":"NEW"}
{"level":"INFO","time":"2026-02-27T23:18:57.173Z","pid":7328,"hostname":"DESKTOP-J0KMV7Q","requestId":"67f15fb1-d1e7-4c7b-bfee-5bde30315878","conversationId":"bdbb3af0-152a-4767-9cea-07fc63feca96","msg":"Processing message in orchestrator","providerMessageId":"SM_CONC_TEST_100","currentState":"NEW"}
{"level":"INFO","time":"2026-02-27T23:18:57.173Z","pid":7328,"hostname":"DESKTOP-J0KMV7Q","requestId":"03d7321d-b2eb-4460-8aba-0953a563e72f","conversationId":"bdbb3af0-152a-4767-9cea-07fc63feca96","msg":"Processing message in orchestrator","providerMessageId":"SM_CONC_TEST_100","currentState":"NEW"}
{"level":"INFO","time":"2026-02-27T23:18:57.174Z","pid":7328,"hostname":"DESKTOP-J0KMV7Q","requestId":"3deed78b-931d-49b6-b2f1-c2fd7b7cb0df","conversationId":"bdbb3af0-152a-4767-9cea-07fc63feca96","msg":"Processing message in orchestrator","providerMessageId":"SM_CONC_TEST_100","currentState":"NEW"}
{"level":"INFO","time":"2026-02-27T23:18:57.176Z","pid":7328,"hostname":"DESKTOP-J0KMV7Q","requestId":"bace60f8-fc1e-4a56-841a-5bf88fc09da7","conversationId":"bdbb3af0-152a-4767-9cea-07fc63feca96","msg":"Processing message in orchestrator","providerMessageId":"SM_CONC_TEST_100","currentState":"NEW"}
{"level":"INFO","time":"2026-02-27T23:18:57.178Z","pid":7328,"hostname":"DESKTOP-J0KMV7Q","requestId":"c0779f01-1fd8-47a3-bbe2-d581179347f5","conversationId":"bdbb3af0-152a-4767-9cea-07fc63feca96","msg":"Processing message in orchestrator","providerMessageId":"SM_CONC_TEST_100","currentState":"NEW"}
{"level":"INFO","time":"2026-02-27T23:18:57.180Z","pid":7328,"hostname":"DESKTOP-J0KMV7Q","requestId":"bde50429-532a-40b4-838c-892a8bcc1d16","conversationId":"bdbb3af0-152a-4767-9cea-07fc63feca96","msg":"Processing message in orchestrator","providerMessageId":"SM_CONC_TEST_100","currentState":"NEW"}
{"level":"INFO","time":"2026-02-27T23:18:57.180Z","pid":7328,"hostname":"DESKTOP-J0KMV7Q","requestId":"e916238b-aaba-48c2-a54f-ae25e92cf213","conversationId":"bdbb3af0-152a-4767-9cea-07fc63feca96","msg":"Processing message in orchestrator","providerMessageId":"SM_CONC_TEST_100","currentState":"NEW"}
{"level":"INFO","time":"2026-02-27T23:18:57.181Z","pid":7328,"hostname":"DESKTOP-J0KMV7Q","requestId":"95cfda5f-5d8f-40ce-a7fa-0db2f231e83d","conversationId":"bdbb3af0-152a-4767-9cea-07fc63feca96","msg":"Processing message in orchestrator","providerMessageId":"SM_CONC_TEST_100","currentState":"NEW"}
{"level":"INFO","time":"2026-02-27T23:18:57.182Z","pid":7328,"hostname":"DESKTOP-J0KMV7Q","requestId":"cb81b734-a2d3-4d0c-843c-e6485c4e193d","conversationId":"bdbb3af0-152a-4767-9cea-07fc63feca96","msg":"Processing message in orchestrator","providerMessageId":"SM_CONC_TEST_100","currentState":"NEW"}
{"level":"INFO","time":"2026-02-27T23:18:57.183Z","pid":7328,"hostname":"DESKTOP-J0KMV7Q","requestId":"5a5ba1d4-abcd-4156-bba9-4bad8f308c36","conversationId":"bdbb3af0-152a-4767-9cea-07fc63feca96","msg":"Processing message in orchestrator","providerMessageId":"SM_CONC_TEST_100","currentState":"NEW"}
{"level":"INFO","time":"2026-02-27T23:18:57.184Z","pid":7328,"hostname":"DESKTOP-J0KMV7Q","requestId":"6e39a950-83c9-4135-8aac-0f9b7ff5bcec","conversationId":"bdbb3af0-152a-4767-9cea-07fc63feca96","msg":"Processing message in orchestrator","providerMessageId":"SM_CONC_TEST_100","currentState":"NEW"}
{"level":"INFO","time":"2026-02-27T23:18:57.185Z","pid":7328,"hostname":"DESKTOP-J0KMV7Q","requestId":"c3cc00a9-cd63-430f-a40b-1b25f0fa6b5e","conversationId":"bdbb3af0-152a-4767-9cea-07fc63feca96","msg":"Processing message in orchestrator","providerMessageId":"SM_CONC_TEST_100","currentState":"NEW"}
{"level":"INFO","time":"2026-02-27T23:18:57.187Z","pid":7328,"hostname":"DESKTOP-J0KMV7Q","requestId":"f5acd8fa-7311-41e2-8f43-1fee5640db5f","conversationId":"bdbb3af0-152a-4767-9cea-07fc63feca96","msg":"Processing message in orchestrator","providerMessageId":"SM_CONC_TEST_100","currentState":"NEW"}
{"level":"INFO","time":"2026-02-27T23:18:57.198Z","pid":7328,"hostname":"DESKTOP-J0KMV7Q","requestId":"58cc5694-04eb-44f9-af80-8210b8a1f4a3","conversationId":"bdbb3af0-152a-4767-9cea-07fc63feca96","msg":"State transition","eventType":"STATE_TRANSITION","providerMessageId":"SM_CONC_TEST_100","fromState":"NEW","toState":"CLASSIFYING","reason":"Initial classification"}
{"level":"ERROR","time":"2026-02-27T23:18:57.211Z","pid":7328,"hostname":"DESKTOP-J0KMV7Q","requestId":"7368d7c4-0030-4a81-a429-d575e2625f64","conversationId":"bdbb3af0-152a-4767-9cea-07fc63feca96","msg":"Orchestrator error","error":"\nInvalid `tx.message.create()` invocation in\nC:\\Users\\Zer0x\\Desktop\\Proyectos\\Recepcionista IA\\src\\orchestrator\\index.ts:50:26\n\n  47 const jobIdempotencyKey = `ai-reply:${conversationId}:${providerMessageId}`;\n  48 \n  49 await prisma.$transaction(async (tx) => {\nÔåÆ 50   await tx.message.create(\nUnique constraint failed on the fields: (`providerMessageId`)"}
{"level":"INFO","time":"2026-02-27T23:18:57.212Z","pid":7328,"hostname":"DESKTOP-J0KMV7Q","requestId":"7368d7c4-0030-4a81-a429-d575e2625f64","msg":"Concurrent idempotent hit (race condition)","eventType":"WEBHOOK_IDEMPOTENT_HIT","providerMessageId":"SM_CONC_TEST_100","durationMs":130}
{"level":"ERROR","time":"2026-02-27T23:18:57.213Z","pid":7328,"hostname":"DESKTOP-J0KMV7Q","requestId":"25d24257-40bd-40d5-8fd0-87e74cb84e62","conversationId":"bdbb3af0-152a-4767-9cea-07fc63feca96","msg":"Orchestrator error","error":"\nInvalid `tx.message.create()` invocation in\nC:\\Users\\Zer0x\\Desktop\\Proyectos\\Recepcionista IA\\src\\orchestrator\\index.ts:50:26\n\n  47 const jobIdempotencyKey = `ai-reply:${conversationId}:${providerMessageId}`;\n  48 \n  49 await prisma.$transaction(async (tx) => {\nÔåÆ 50   await tx.message.create(\nUnique constraint failed on the fields: (`providerMessageId`)"}
{"level":"INFO","time":"2026-02-27T23:18:57.213Z","pid":7328,"hostname":"DESKTOP-J0KMV7Q","requestId":"25d24257-40bd-40d5-8fd0-87e74cb84e62","msg":"Concurrent idempotent hit (race condition)","eventType":"WEBHOOK_IDEMPOTENT_HIT","providerMessageId":"SM_CONC_TEST_100","durationMs":140}
{"level":"ERROR","time":"2026-02-27T23:18:57.215Z","pid":7328,"hostname":"DESKTOP-J0KMV7Q","requestId":"3deed78b-931d-49b6-b2f1-c2fd7b7cb0df","conversationId":"bdbb3af0-152a-4767-9cea-07fc63feca96","msg":"Orchestrator error","error":"\nInvalid `tx.message.create()` invocation in\nC:\\Users\\Zer0x\\Desktop\\Proyectos\\Recepcionista IA\\src\\orchestrator\\index.ts:50:26\n\n  47 const jobIdempotencyKey = `ai-reply:${conversationId}:${providerMessageId}`;\n  48 \n  49 await prisma.$transaction(async (tx) => {\nÔåÆ 50   await tx.message.create(\nUnique constraint failed on the fields: (`providerMessageId`)"}
{"level":"INFO","time":"2026-02-27T23:18:57.215Z","pid":7328,"hostname":"DESKTOP-J0KMV7Q","requestId":"3deed78b-931d-49b6-b2f1-c2fd7b7cb0df","msg":"Concurrent idempotent hit (race condition)","eventType":"WEBHOOK_IDEMPOTENT_HIT","providerMessageId":"SM_CONC_TEST_100","durationMs":128}
{"level":"ERROR","time":"2026-02-27T23:18:57.216Z","pid":7328,"hostname":"DESKTOP-J0KMV7Q","requestId":"bace60f8-fc1e-4a56-841a-5bf88fc09da7","conversationId":"bdbb3af0-152a-4767-9cea-07fc63feca96","msg":"Orchestrator error","error":"\nInvalid `tx.message.create()` invocation in\nC:\\Users\\Zer0x\\Desktop\\Proyectos\\Recepcionista IA\\src\\orchestrator\\index.ts:50:26\n\n  47 const jobIdempotencyKey = `ai-reply:${conversationId}:${providerMessageId}`;\n  48 \n  49 await prisma.$transaction(async (tx) => {\nÔåÆ 50   await tx.message.create(\nUnique constraint failed on the fields: (`providerMessageId`)"}
{"level":"INFO","time":"2026-02-27T23:18:57.216Z","pid":7328,"hostname":"DESKTOP-J0KMV7Q","requestId":"bace60f8-fc1e-4a56-841a-5bf88fc09da7","msg":"Concurrent idempotent hit (race condition)","eventType":"WEBHOOK_IDEMPOTENT_HIT","providerMessageId":"SM_CONC_TEST_100","durationMs":132}
{"level":"ERROR","time":"2026-02-27T23:18:57.217Z","pid":7328,"hostname":"DESKTOP-J0KMV7Q","requestId":"67f15fb1-d1e7-4c7b-bfee-5bde30315878","conversationId":"bdbb3af0-152a-4767-9cea-07fc63feca96","msg":"Orchestrator error","error":"\nInvalid `tx.message.create()` invocation in\nC:\\Users\\Zer0x\\Desktop\\Proyectos\\Recepcionista IA\\src\\orchestrator\\index.ts:50:26\n\n  47 const jobIdempotencyKey = `ai-reply:${conversationId}:${providerMessageId}`;\n  48 \n  49 await prisma.$transaction(async (tx) => {\nÔåÆ 50   await tx.message.create(\nUnique constraint failed on the fields: (`providerMessageId`)"}
{"level":"INFO","time":"2026-02-27T23:18:57.217Z","pid":7328,"hostname":"DESKTOP-J0KMV7Q","requestId":"67f15fb1-d1e7-4c7b-bfee-5bde30315878","msg":"Concurrent idempotent hit (race condition)","eventType":"WEBHOOK_IDEMPOTENT_HIT","providerMessageId":"SM_CONC_TEST_100","durationMs":143}
{"level":"ERROR","time":"2026-02-27T23:18:57.219Z","pid":7328,"hostname":"DESKTOP-J0KMV7Q","requestId":"c0779f01-1fd8-47a3-bbe2-d581179347f5","conversationId":"bdbb3af0-152a-4767-9cea-07fc63feca96","msg":"Orchestrator error","error":"\nInvalid `tx.message.create()` invocation in\nC:\\Users\\Zer0x\\Desktop\\Proyectos\\Recepcionista IA\\src\\orchestrator\\index.ts:50:26\n\n  47 const jobIdempotencyKey = `ai-reply:${conversationId}:${providerMessageId}`;\n  48 \n  49 await prisma.$transaction(async (tx) => {\nÔåÆ 50   await tx.message.create(\nUnique constraint failed on the fields: (`providerMessageId`)"}
{"level":"INFO","time":"2026-02-27T23:18:57.219Z","pid":7328,"hostname":"DESKTOP-J0KMV7Q","requestId":"c0779f01-1fd8-47a3-bbe2-d581179347f5","msg":"Concurrent idempotent hit (race condition)","eventType":"WEBHOOK_IDEMPOTENT_HIT","providerMessageId":"SM_CONC_TEST_100","durationMs":154}
{"level":"ERROR","time":"2026-02-27T23:18:57.220Z","pid":7328,"hostname":"DESKTOP-J0KMV7Q","requestId":"707f0432-403a-4782-812a-b727a775c8a4","conversationId":"bdbb3af0-152a-4767-9cea-07fc63feca96","msg":"Orchestrator error","error":"\nInvalid `tx.message.create()` invocation in\nC:\\Users\\Zer0x\\Desktop\\Proyectos\\Recepcionista IA\\src\\orchestrator\\index.ts:50:26\n\n  47 const jobIdempotencyKey = `ai-reply:${conversationId}:${providerMessageId}`;\n  48 \n  49 await prisma.$transaction(async (tx) => {\nÔåÆ 50   await tx.message.create(\nUnique constraint failed on the fields: (`providerMessageId`)"}
{"level":"INFO","time":"2026-02-27T23:18:57.220Z","pid":7328,"hostname":"DESKTOP-J0KMV7Q","requestId":"707f0432-403a-4782-812a-b727a775c8a4","msg":"Concurrent idempotent hit (race condition)","eventType":"WEBHOOK_IDEMPOTENT_HIT","providerMessageId":"SM_CONC_TEST_100","durationMs":158}
{"level":"ERROR","time":"2026-02-27T23:18:57.221Z","pid":7328,"hostname":"DESKTOP-J0KMV7Q","requestId":"03d7321d-b2eb-4460-8aba-0953a563e72f","conversationId":"bdbb3af0-152a-4767-9cea-07fc63feca96","msg":"Orchestrator error","error":"\nInvalid `tx.message.create()` invocation in\nC:\\Users\\Zer0x\\Desktop\\Proyectos\\Recepcionista IA\\src\\orchestrator\\index.ts:50:26\n\n  47 const jobIdempotencyKey = `ai-reply:${conversationId}:${providerMessageId}`;\n  48 \n  49 await prisma.$transaction(async (tx) => {\nÔåÆ 50   await tx.message.create(\nUnique constraint failed on the fields: (`providerMessageId`)"}
{"level":"INFO","time":"2026-02-27T23:18:57.221Z","pid":7328,"hostname":"DESKTOP-J0KMV7Q","requestId":"03d7321d-b2eb-4460-8aba-0953a563e72f","msg":"Concurrent idempotent hit (race condition)","eventType":"WEBHOOK_IDEMPOTENT_HIT","providerMessageId":"SM_CONC_TEST_100","durationMs":133}
{"level":"INFO","time":"2026-02-27T23:18:57.226Z","pid":7328,"hostname":"DESKTOP-J0KMV7Q","requestId":"31928a9c-a3b5-472f-bdde-2bac1aa0da27","conversationId":"bdbb3af0-152a-4767-9cea-07fc63feca96","msg":"Processing message in orchestrator","providerMessageId":"SM_CONC_TEST_100","currentState":"CLASSIFYING"}
{"level":"ERROR","time":"2026-02-27T23:18:57.238Z","pid":7328,"hostname":"DESKTOP-J0KMV7Q","requestId":"bde50429-532a-40b4-838c-892a8bcc1d16","conversationId":"bdbb3af0-152a-4767-9cea-07fc63feca96","msg":"Orchestrator error","error":"\nInvalid `tx.message.create()` invocation in\nC:\\Users\\Zer0x\\Desktop\\Proyectos\\Recepcionista IA\\src\\orchestrator\\index.ts:50:26\n\n  47 const jobIdempotencyKey = `ai-reply:${conversationId}:${providerMessageId}`;\n  48 \n  49 await prisma.$transaction(async (tx) => {\nÔåÆ 50   await tx.message.create(\nUnique constraint failed on the fields: (`providerMessageId`)"}
{"level":"INFO","time":"2026-02-27T23:18:57.238Z","pid":7328,"hostname":"DESKTOP-J0KMV7Q","requestId":"bde50429-532a-40b4-838c-892a8bcc1d16","msg":"Concurrent idempotent hit (race condition)","eventType":"WEBHOOK_IDEMPOTENT_HIT","providerMessageId":"SM_CONC_TEST_100","durationMs":174}
{"level":"ERROR","time":"2026-02-27T23:18:57.239Z","pid":7328,"hostname":"DESKTOP-J0KMV7Q","requestId":"e916238b-aaba-48c2-a54f-ae25e92cf213","conversationId":"bdbb3af0-152a-4767-9cea-07fc63feca96","msg":"Orchestrator error","error":"\nInvalid `tx.message.create()` invocation in\nC:\\Users\\Zer0x\\Desktop\\Proyectos\\Recepcionista IA\\src\\orchestrator\\index.ts:50:26\n\n  47 const jobIdempotencyKey = `ai-reply:${conversationId}:${providerMessageId}`;\n  48 \n  49 await prisma.$transaction(async (tx) => {\nÔåÆ 50   await tx.message.create(\nUnique constraint failed on the fields: (`providerMessageId`)"}
{"level":"INFO","time":"2026-02-27T23:18:57.239Z","pid":7328,"hostname":"DESKTOP-J0KMV7Q","requestId":"e916238b-aaba-48c2-a54f-ae25e92cf213","msg":"Concurrent idempotent hit (race condition)","eventType":"WEBHOOK_IDEMPOTENT_HIT","providerMessageId":"SM_CONC_TEST_100","durationMs":162}
{"level":"ERROR","time":"2026-02-27T23:18:57.240Z","pid":7328,"hostname":"DESKTOP-J0KMV7Q","requestId":"95cfda5f-5d8f-40ce-a7fa-0db2f231e83d","conversationId":"bdbb3af0-152a-4767-9cea-07fc63feca96","msg":"Orchestrator error","error":"\nInvalid `tx.message.create()` invocation in\nC:\\Users\\Zer0x\\Desktop\\Proyectos\\Recepcionista IA\\src\\orchestrator\\index.ts:50:26\n\n  47 const jobIdempotencyKey = `ai-reply:${conversationId}:${providerMessageId}`;\n  48 \n  49 await prisma.$transaction(async (tx) => {\nÔåÆ 50   await tx.message.create(\nUnique constraint failed on the fields: (`providerMessageId`)"}
{"level":"INFO","time":"2026-02-27T23:18:57.240Z","pid":7328,"hostname":"DESKTOP-J0KMV7Q","requestId":"95cfda5f-5d8f-40ce-a7fa-0db2f231e83d","msg":"Concurrent idempotent hit (race condition)","eventType":"WEBHOOK_IDEMPOTENT_HIT","providerMessageId":"SM_CONC_TEST_100","durationMs":150}
{"level":"INFO","time":"2026-02-27T23:18:57.240Z","pid":7328,"hostname":"DESKTOP-J0KMV7Q","requestId":"58cc5694-04eb-44f9-af80-8210b8a1f4a3","conversationId":"bdbb3af0-152a-4767-9cea-07fc63feca96","msg":"State transition","eventType":"STATE_TRANSITION","providerMessageId":"SM_CONC_TEST_100","fromState":"CLASSIFYING","toState":"ANSWERING"}
{"level":"ERROR","time":"2026-02-27T23:18:57.241Z","pid":7328,"hostname":"DESKTOP-J0KMV7Q","requestId":"cb81b734-a2d3-4d0c-843c-e6485c4e193d","conversationId":"bdbb3af0-152a-4767-9cea-07fc63feca96","msg":"Orchestrator error","error":"\nInvalid `tx.message.create()` invocation in\nC:\\Users\\Zer0x\\Desktop\\Proyectos\\Recepcionista IA\\src\\orchestrator\\index.ts:50:26\n\n  47 const jobIdempotencyKey = `ai-reply:${conversationId}:${providerMessageId}`;\n  48 \n  49 await prisma.$transaction(async (tx) => {\nÔåÆ 50   await tx.message.create(\nUnique constraint failed on the fields: (`providerMessageId`)"}
{"level":"INFO","time":"2026-02-27T23:18:57.242Z","pid":7328,"hostname":"DESKTOP-J0KMV7Q","requestId":"cb81b734-a2d3-4d0c-843c-e6485c4e193d","msg":"Concurrent idempotent hit (race condition)","eventType":"WEBHOOK_IDEMPOTENT_HIT","providerMessageId":"SM_CONC_TEST_100","durationMs":151}
{"level":"ERROR","time":"2026-02-27T23:18:57.243Z","pid":7328,"hostname":"DESKTOP-J0KMV7Q","requestId":"5a5ba1d4-abcd-4156-bba9-4bad8f308c36","conversationId":"bdbb3af0-152a-4767-9cea-07fc63feca96","msg":"Orchestrator error","error":"\nInvalid `tx.message.create()` invocation in\nC:\\Users\\Zer0x\\Desktop\\Proyectos\\Recepcionista IA\\src\\orchestrator\\index.ts:50:26\n\n  47 const jobIdempotencyKey = `ai-reply:${conversationId}:${providerMessageId}`;\n  48 \n  49 await prisma.$transaction(async (tx) => {\nÔåÆ 50   await tx.message.create(\nUnique constraint failed on the fields: (`providerMessageId`)"}
{"level":"INFO","time":"2026-02-27T23:18:57.243Z","pid":7328,"hostname":"DESKTOP-J0KMV7Q","requestId":"5a5ba1d4-abcd-4156-bba9-4bad8f308c36","msg":"Concurrent idempotent hit (race condition)","eventType":"WEBHOOK_IDEMPOTENT_HIT","providerMessageId":"SM_CONC_TEST_100","durationMs":154}
{"level":"ERROR","time":"2026-02-27T23:18:57.244Z","pid":7328,"hostname":"DESKTOP-J0KMV7Q","requestId":"6e39a950-83c9-4135-8aac-0f9b7ff5bcec","conversationId":"bdbb3af0-152a-4767-9cea-07fc63feca96","msg":"Orchestrator error","error":"\nInvalid `tx.message.create()` invocation in\nC:\\Users\\Zer0x\\Desktop\\Proyectos\\Recepcionista IA\\src\\orchestrator\\index.ts:50:26\n\n  47 const jobIdempotencyKey = `ai-reply:${conversationId}:${providerMessageId}`;\n  48 \n  49 await prisma.$transaction(async (tx) => {\nÔåÆ 50   await tx.message.create(\nUnique constraint failed on the fields: (`providerMessageId`)"}
{"level":"INFO","time":"2026-02-27T23:18:57.245Z","pid":7328,"hostname":"DESKTOP-J0KMV7Q","requestId":"6e39a950-83c9-4135-8aac-0f9b7ff5bcec","msg":"Concurrent idempotent hit (race condition)","eventType":"WEBHOOK_IDEMPOTENT_HIT","providerMessageId":"SM_CONC_TEST_100","durationMs":166}
{"level":"ERROR","time":"2026-02-27T23:18:57.246Z","pid":7328,"hostname":"DESKTOP-J0KMV7Q","requestId":"c3cc00a9-cd63-430f-a40b-1b25f0fa6b5e","conversationId":"bdbb3af0-152a-4767-9cea-07fc63feca96","msg":"Orchestrator error","error":"\nInvalid `tx.message.create()` invocation in\nC:\\Users\\Zer0x\\Desktop\\Proyectos\\Recepcionista IA\\src\\orchestrator\\index.ts:50:26\n\n  47 const jobIdempotencyKey = `ai-reply:${conversationId}:${providerMessageId}`;\n  48 \n  49 await prisma.$transaction(async (tx) => {\nÔåÆ 50   await tx.message.create(\nUnique constraint failed on the fields: (`providerMessageId`)"}
{"level":"INFO","time":"2026-02-27T23:18:57.246Z","pid":7328,"hostname":"DESKTOP-J0KMV7Q","requestId":"c3cc00a9-cd63-430f-a40b-1b25f0fa6b5e","msg":"Concurrent idempotent hit (race condition)","eventType":"WEBHOOK_IDEMPOTENT_HIT","providerMessageId":"SM_CONC_TEST_100","durationMs":166}
{"level":"ERROR","time":"2026-02-27T23:18:57.247Z","pid":7328,"hostname":"DESKTOP-J0KMV7Q","requestId":"f5acd8fa-7311-41e2-8f43-1fee5640db5f","conversationId":"bdbb3af0-152a-4767-9cea-07fc63feca96","msg":"Orchestrator error","error":"\nInvalid `tx.message.create()` invocation in\nC:\\Users\\Zer0x\\Desktop\\Proyectos\\Recepcionista IA\\src\\orchestrator\\index.ts:50:26\n\n  47 const jobIdempotencyKey = `ai-reply:${conversationId}:${providerMessageId}`;\n  48 \n  49 await prisma.$transaction(async (tx) => {\nÔåÆ 50   await tx.message.create(\nUnique constraint failed on the fields: (`providerMessageId`)"}
{"level":"INFO","time":"2026-02-27T23:18:57.247Z","pid":7328,"hostname":"DESKTOP-J0KMV7Q","requestId":"f5acd8fa-7311-41e2-8f43-1fee5640db5f","msg":"Concurrent idempotent hit (race condition)","eventType":"WEBHOOK_IDEMPOTENT_HIT","providerMessageId":"SM_CONC_TEST_100","durationMs":155}
{"level":"INFO","time":"2026-02-27T23:18:57.250Z","pid":7328,"hostname":"DESKTOP-J0KMV7Q","requestId":"58cc5694-04eb-44f9-af80-8210b8a1f4a3","conversationId":"bdbb3af0-152a-4767-9cea-07fc63feca96","msg":"State transition","eventType":"STATE_TRANSITION","providerMessageId":"SM_CONC_TEST_100","fromState":"ANSWERING","toState":"WAITING_USER"}
{"level":"INFO","time":"2026-02-27T23:18:57.250Z","pid":7328,"hostname":"DESKTOP-J0KMV7Q","requestId":"58cc5694-04eb-44f9-af80-8210b8a1f4a3","conversationId":"bdbb3af0-152a-4767-9cea-07fc63feca96","msg":"Orchestrator processing complete","finalState":"WAITING_USER","durationMs":96}
{"level":"INFO","time":"2026-02-27T23:18:57.250Z","pid":7328,"hostname":"DESKTOP-J0KMV7Q","requestId":"58cc5694-04eb-44f9-af80-8210b8a1f4a3","conversationId":"bdbb3af0-152a-4767-9cea-07fc63feca96","msg":"Inbound message accepted, job enqueued","eventType":"WEBHOOK_PROCESSED","providerMessageId":"SM_CONC_TEST_100","durationMs":165}
{"level":"ERROR","time":"2026-02-27T23:18:57.250Z","pid":7328,"hostname":"DESKTOP-J0KMV7Q","requestId":"31928a9c-a3b5-472f-bdde-2bac1aa0da27","conversationId":"bdbb3af0-152a-4767-9cea-07fc63feca96","msg":"Orchestrator error","error":"\nInvalid `tx.message.create()` invocation in\nC:\\Users\\Zer0x\\Desktop\\Proyectos\\Recepcionista IA\\src\\orchestrator\\index.ts:50:26\n\n  47 const jobIdempotencyKey = `ai-reply:${conversationId}:${providerMessageId}`;\n  48 \n  49 await prisma.$transaction(async (tx) => {\nÔåÆ 50   await tx.message.create(\nUnique constraint failed on the fields: (`providerMessageId`)"}
{"level":"INFO","time":"2026-02-27T23:18:57.250Z","pid":7328,"hostname":"DESKTOP-J0KMV7Q","requestId":"31928a9c-a3b5-472f-bdde-2bac1aa0da27","msg":"Concurrent idempotent hit (race condition)","eventType":"WEBHOOK_IDEMPOTENT_HIT","providerMessageId":"SM_CONC_TEST_100","durationMs":169}
PASS tests/webhook.concurrency.test.ts
{"level":"WARN","time":"2026-02-27T23:18:57.745Z","pid":7328,"hostname":"DESKTOP-J0KMV7Q","msg":"Rate limit exceeded","eventType":"WEBHOOK_RATE_LIMITED","requestId":"356bb679-5fd4-401e-861a-dfd6853c7b98","key":"::ffff:127.0.0.1","ip":"::ffff:127.0.0.1"}
{"level":"WARN","time":"2026-02-27T23:18:57.757Z","pid":7328,"hostname":"DESKTOP-J0KMV7Q","msg":"Rate limit exceeded","eventType":"WEBHOOK_RATE_LIMITED","requestId":"aada897c-e6f3-4fa1-83c2-6290607016f5","key":"::ffff:127.0.0.1","ip":"::ffff:127.0.0.1"}
{"level":"WARN","time":"2026-02-27T23:18:57.767Z","pid":7328,"hostname":"DESKTOP-J0KMV7Q","msg":"Rate limit exceeded","eventType":"WEBHOOK_RATE_LIMITED","requestId":"1ab24143-d818-4546-bc39-099052d95492","key":"::ffff:127.0.0.1","ip":"::ffff:127.0.0.1"}
{"level":"WARN","time":"2026-02-27T23:18:57.776Z","pid":7328,"hostname":"DESKTOP-J0KMV7Q","msg":"Rate limit exceeded","eventType":"WEBHOOK_RATE_LIMITED","requestId":"a68bdde1-d342-4487-982c-f561d4b40e5f","key":"::ffff:127.0.0.1","ip":"::ffff:127.0.0.1"}
{"level":"WARN","time":"2026-02-27T23:18:57.802Z","pid":7328,"hostname":"DESKTOP-J0KMV7Q","msg":"Rate limit exceeded","eventType":"WEBHOOK_RATE_LIMITED","requestId":"9da618a2-962b-4653-b3a6-d0d77e963055","key":"::ffff:127.0.0.1","ip":"::ffff:127.0.0.1"}
{"level":"WARN","time":"2026-02-27T23:18:57.832Z","pid":7328,"hostname":"DESKTOP-J0KMV7Q","msg":"Rate limit exceeded","eventType":"WEBHOOK_RATE_LIMITED","requestId":"da28a683-208f-4631-9c67-f6d849c58fea","key":"::ffff:127.0.0.1","ip":"::ffff:127.0.0.1"}
PASS tests/admin.read.test.ts
{"level":"WARN","time":"2026-02-27T23:18:57.857Z","pid":7328,"hostname":"DESKTOP-J0KMV7Q","msg":"Rate limit exceeded","eventType":"WEBHOOK_RATE_LIMITED","requestId":"c1eed808-5673-449f-8562-ba895802e113","key":"::ffff:127.0.0.1","ip":"::ffff:127.0.0.1"}
{"level":"WARN","time":"2026-02-27T23:18:57.885Z","pid":7328,"hostname":"DESKTOP-J0KMV7Q","msg":"Rate limit exceeded","eventType":"WEBHOOK_RATE_LIMITED","requestId":"c2d1cb1f-dfe2-4f3d-b010-46eeb2fe7266","key":"::ffff:127.0.0.1","ip":"::ffff:127.0.0.1"}
{"level":"WARN","time":"2026-02-27T23:18:57.907Z","pid":7328,"hostname":"DESKTOP-J0KMV7Q","msg":"Rate limit exceeded","eventType":"WEBHOOK_RATE_LIMITED","requestId":"0ae4161f-1482-4d8e-ac4f-c7588dad864d","key":"::ffff:127.0.0.1","ip":"::ffff:127.0.0.1"}
{"level":"WARN","time":"2026-02-27T23:18:57.934Z","pid":7328,"hostname":"DESKTOP-J0KMV7Q","msg":"Rate limit exceeded","eventType":"WEBHOOK_RATE_LIMITED","requestId":"36f3599f-c901-4eef-917b-f8a65f64fa82","key":"::ffff:127.0.0.1","ip":"::ffff:127.0.0.1"}
{"level":"WARN","time":"2026-02-27T23:18:58.394Z","pid":7328,"hostname":"DESKTOP-J0KMV7Q","msg":"Rate limit exceeded","eventType":"WEBHOOK_RATE_LIMITED","requestId":"ad2f1031-e1b4-4e69-944c-e6a6fe4fd572","key":"+1112223333","ip":"::ffff:127.0.0.1"}
{"level":"INFO","time":"2026-02-27T23:18:58.395Z","pid":7328,"hostname":"DESKTOP-J0KMV7Q","requestId":"ad2f1031-e1b4-4e69-944c-e6a6fe4fd572","msg":"Webhook received","eventType":"WEBHOOK_RECEIVED","providerMessageId":"SM_NORMAL_1","hasFrom":true,"fromLast4":"3333","bodyLength":29,"numMedia":0,"hasSignatureHeader":false,"path":"/webhooks/twilio"}
{"level":"INFO","time":"2026-02-27T23:18:58.416Z","pid":7328,"hostname":"DESKTOP-J0KMV7Q","requestId":"ad2f1031-e1b4-4e69-944c-e6a6fe4fd572","conversationId":"8997cc3a-9a39-4efc-ae33-5da312483cf4","msg":"Processing message in orchestrator","providerMessageId":"SM_NORMAL_1","currentState":"NEW"}
{"level":"INFO","time":"2026-02-27T23:18:58.431Z","pid":7328,"hostname":"DESKTOP-J0KMV7Q","requestId":"ad2f1031-e1b4-4e69-944c-e6a6fe4fd572","conversationId":"8997cc3a-9a39-4efc-ae33-5da312483cf4","msg":"State transition","eventType":"STATE_TRANSITION","providerMessageId":"SM_NORMAL_1","fromState":"NEW","toState":"CLASSIFYING","reason":"Initial classification"}
{"level":"INFO","time":"2026-02-27T23:18:58.437Z","pid":7328,"hostname":"DESKTOP-J0KMV7Q","requestId":"ad2f1031-e1b4-4e69-944c-e6a6fe4fd572","conversationId":"8997cc3a-9a39-4efc-ae33-5da312483cf4","msg":"State transition","eventType":"STATE_TRANSITION","providerMessageId":"SM_NORMAL_1","fromState":"CLASSIFYING","toState":"ANSWERING"}
{"level":"INFO","time":"2026-02-27T23:18:58.444Z","pid":7328,"hostname":"DESKTOP-J0KMV7Q","requestId":"ad2f1031-e1b4-4e69-944c-e6a6fe4fd572","conversationId":"8997cc3a-9a39-4efc-ae33-5da312483cf4","msg":"State transition","eventType":"STATE_TRANSITION","providerMessageId":"SM_NORMAL_1","fromState":"ANSWERING","toState":"WAITING_USER"}
{"level":"INFO","time":"2026-02-27T23:18:58.444Z","pid":7328,"hostname":"DESKTOP-J0KMV7Q","requestId":"ad2f1031-e1b4-4e69-944c-e6a6fe4fd572","conversationId":"8997cc3a-9a39-4efc-ae33-5da312483cf4","msg":"Orchestrator processing complete","finalState":"WAITING_USER","durationMs":34}
{"level":"INFO","time":"2026-02-27T23:18:58.444Z","pid":7328,"hostname":"DESKTOP-J0KMV7Q","requestId":"ad2f1031-e1b4-4e69-944c-e6a6fe4fd572","conversationId":"8997cc3a-9a39-4efc-ae33-5da312483cf4","msg":"Inbound message accepted, job enqueued","eventType":"WEBHOOK_PROCESSED","providerMessageId":"SM_NORMAL_1","durationMs":49}
{"level":"WARN","time":"2026-02-27T23:18:58.482Z","pid":7328,"hostname":"DESKTOP-J0KMV7Q","msg":"Rate limit exceeded","eventType":"WEBHOOK_RATE_LIMITED","requestId":"2748d0a6-ecae-4848-ba71-228b40c8dd7d","key":"+1112223333","ip":"::ffff:127.0.0.1"}
{"level":"INFO","time":"2026-02-27T23:18:58.482Z","pid":7328,"hostname":"DESKTOP-J0KMV7Q","requestId":"2748d0a6-ecae-4848-ba71-228b40c8dd7d","msg":"Webhook received","eventType":"WEBHOOK_RECEIVED","providerMessageId":"SM_HANDOFF_1","hasFrom":true,"fromLast4":"3333","bodyLength":39,"numMedia":0,"hasSignatureHeader":false,"path":"/webhooks/twilio"}
{"level":"INFO","time":"2026-02-27T23:18:58.514Z","pid":7328,"hostname":"DESKTOP-J0KMV7Q","requestId":"2748d0a6-ecae-4848-ba71-228b40c8dd7d","conversationId":"a7b72ce8-7ce7-4950-83a1-54fadf8962c9","msg":"Processing message in orchestrator","providerMessageId":"SM_HANDOFF_1","currentState":"NEW"}
{"level":"INFO","time":"2026-02-27T23:18:58.538Z","pid":7328,"hostname":"DESKTOP-J0KMV7Q","requestId":"2748d0a6-ecae-4848-ba71-228b40c8dd7d","conversationId":"a7b72ce8-7ce7-4950-83a1-54fadf8962c9","msg":"State transition","eventType":"STATE_TRANSITION","providerMessageId":"SM_HANDOFF_1","fromState":"NEW","toState":"CLASSIFYING","reason":"Initial classification"}
{"level":"INFO","time":"2026-02-27T23:18:58.538Z","pid":7328,"hostname":"DESKTOP-J0KMV7Q","requestId":"2748d0a6-ecae-4848-ba71-228b40c8dd7d","conversationId":"a7b72ce8-7ce7-4950-83a1-54fadf8962c9","msg":"Handoff triggered by content","eventType":"HANDOFF_TRIGGERED"}
{"level":"INFO","time":"2026-02-27T23:18:58.553Z","pid":7328,"hostname":"DESKTOP-J0KMV7Q","requestId":"2748d0a6-ecae-4848-ba71-228b40c8dd7d","conversationId":"a7b72ce8-7ce7-4950-83a1-54fadf8962c9","msg":"State transition","eventType":"STATE_TRANSITION","providerMessageId":"SM_HANDOFF_1","fromState":"CLASSIFYING","toState":"HANDOFF","reason":"Handoff triggered by content"}
{"level":"INFO","time":"2026-02-27T23:18:58.553Z","pid":7328,"hostname":"DESKTOP-J0KMV7Q","requestId":"2748d0a6-ecae-4848-ba71-228b40c8dd7d","conversationId":"a7b72ce8-7ce7-4950-83a1-54fadf8962c9","msg":"Orchestrator processing complete","finalState":"HANDOFF","durationMs":42}
{"level":"INFO","time":"2026-02-27T23:18:58.553Z","pid":7328,"hostname":"DESKTOP-J0KMV7Q","requestId":"2748d0a6-ecae-4848-ba71-228b40c8dd7d","conversationId":"a7b72ce8-7ce7-4950-83a1-54fadf8962c9","msg":"Inbound message accepted, job enqueued","eventType":"WEBHOOK_PROCESSED","providerMessageId":"SM_HANDOFF_1","durationMs":71}
{"level":"WARN","time":"2026-02-27T23:18:58.584Z","pid":7328,"hostname":"DESKTOP-J0KMV7Q","msg":"Rate limit exceeded","eventType":"WEBHOOK_RATE_LIMITED","requestId":"a12a11b1-3b2e-4038-81a9-feb84b9d1062","key":"+5556667777","ip":"::ffff:127.0.0.1"}
{"level":"INFO","time":"2026-02-27T23:18:58.584Z","pid":7328,"hostname":"DESKTOP-J0KMV7Q","requestId":"a12a11b1-3b2e-4038-81a9-feb84b9d1062","msg":"Webhook received","eventType":"WEBHOOK_RECEIVED","providerMessageId":"SM_AUDIT_1772234338582","hasFrom":true,"fromLast4":"7777","bodyLength":4,"numMedia":0,"hasSignatureHeader":false,"path":"/webhooks/twilio"}
{"level":"INFO","time":"2026-02-27T23:18:58.596Z","pid":7328,"hostname":"DESKTOP-J0KMV7Q","requestId":"a12a11b1-3b2e-4038-81a9-feb84b9d1062","conversationId":"89b92777-4a04-4831-9bf6-68e83692bfe7","msg":"Processing message in orchestrator","providerMessageId":"SM_AUDIT_1772234338582","currentState":"NEW"}
{"level":"INFO","time":"2026-02-27T23:18:58.614Z","pid":7328,"hostname":"DESKTOP-J0KMV7Q","requestId":"a12a11b1-3b2e-4038-81a9-feb84b9d1062","conversationId":"89b92777-4a04-4831-9bf6-68e83692bfe7","msg":"State transition","eventType":"STATE_TRANSITION","providerMessageId":"SM_AUDIT_1772234338582","fromState":"NEW","toState":"CLASSIFYING","reason":"Initial classification"}
PASS tests/orchestrator.test.ts
{"level":"INFO","time":"2026-02-27T23:18:58.618Z","pid":7328,"hostname":"DESKTOP-J0KMV7Q","requestId":"a12a11b1-3b2e-4038-81a9-feb84b9d1062","conversationId":"89b92777-4a04-4831-9bf6-68e83692bfe7","msg":"State transition","eventType":"STATE_TRANSITION","providerMessageId":"SM_AUDIT_1772234338582","fromState":"CLASSIFYING","toState":"ANSWERING"}
{"level":"INFO","time":"2026-02-27T23:18:58.623Z","pid":7328,"hostname":"DESKTOP-J0KMV7Q","requestId":"a12a11b1-3b2e-4038-81a9-feb84b9d1062","conversationId":"89b92777-4a04-4831-9bf6-68e83692bfe7","msg":"State transition","eventType":"STATE_TRANSITION","providerMessageId":"SM_AUDIT_1772234338582","fromState":"ANSWERING","toState":"WAITING_USER"}
{"level":"INFO","time":"2026-02-27T23:18:58.624Z","pid":7328,"hostname":"DESKTOP-J0KMV7Q","requestId":"a12a11b1-3b2e-4038-81a9-feb84b9d1062","conversationId":"89b92777-4a04-4831-9bf6-68e83692bfe7","msg":"Orchestrator processing complete","finalState":"WAITING_USER","durationMs":31}
{"level":"INFO","time":"2026-02-27T23:18:58.624Z","pid":7328,"hostname":"DESKTOP-J0KMV7Q","requestId":"a12a11b1-3b2e-4038-81a9-feb84b9d1062","conversationId":"89b92777-4a04-4831-9bf6-68e83692bfe7","msg":"Inbound message accepted, job enqueued","eventType":"WEBHOOK_PROCESSED","providerMessageId":"SM_AUDIT_1772234338582","durationMs":40}
{"level":"WARN","time":"2026-02-27T23:18:59.113Z","pid":7328,"hostname":"DESKTOP-J0KMV7Q","msg":"Rate limit exceeded","eventType":"WEBHOOK_RATE_LIMITED","requestId":"324866dd-c9dc-4017-b3d5-2719ee1248a5","key":"127.0.0.1","ip":"127.0.0.1"}
{"level":"WARN","time":"2026-02-27T23:18:59.114Z","pid":7328,"hostname":"DESKTOP-J0KMV7Q","requestId":"324866dd-c9dc-4017-b3d5-2719ee1248a5","scope":"admin","route":"/admin/metrics/summary","msg":"Unauthorized admin access attempt","eventType":"ADMIN_READ_UNAUTHORIZED"}
{"level":"WARN","time":"2026-02-27T23:18:59.123Z","pid":7328,"hostname":"DESKTOP-J0KMV7Q","msg":"Rate limit exceeded","eventType":"WEBHOOK_RATE_LIMITED","requestId":"6a5751ee-d992-4e5a-b79a-ef5b75d0cccf","key":"127.0.0.1","ip":"127.0.0.1"}
{"level":"INFO","time":"2026-02-27T23:18:59.164Z","pid":7328,"hostname":"DESKTOP-J0KMV7Q","requestId":"6a5751ee-d992-4e5a-b79a-ef5b75d0cccf","scope":"admin","route":"/admin/metrics/summary","eventType":"ADMIN_METRICS_SUMMARY_SUCCESS","durationMs":40}
{"level":"WARN","time":"2026-02-27T23:18:59.190Z","pid":7328,"hostname":"DESKTOP-J0KMV7Q","msg":"Rate limit exceeded","eventType":"WEBHOOK_RATE_LIMITED","requestId":"5d267ba0-8960-41b6-a9f6-086959eac0ed","key":"127.0.0.1","ip":"127.0.0.1"}
{"level":"INFO","time":"2026-02-27T23:18:59.195Z","pid":7328,"hostname":"DESKTOP-J0KMV7Q","requestId":"5d267ba0-8960-41b6-a9f6-086959eac0ed","scope":"admin","route":"/admin/jobs/backlog","eventType":"ADMIN_JOBS_BACKLOG_SUCCESS","durationMs":5}
{"level":"WARN","time":"2026-02-27T23:18:59.207Z","pid":7328,"hostname":"DESKTOP-J0KMV7Q","msg":"Rate limit exceeded","eventType":"WEBHOOK_RATE_LIMITED","requestId":"cbe82406-8ed5-46de-b09d-e5e9da389a69","key":"127.0.0.1","ip":"127.0.0.1"}
{"level":"INFO","time":"2026-02-27T23:18:59.211Z","pid":7328,"hostname":"DESKTOP-J0KMV7Q","requestId":"cbe82406-8ed5-46de-b09d-e5e9da389a69","scope":"admin","route":"/admin/worker/heartbeat","eventType":"ADMIN_WORKER_HEARTBEAT_SUCCESS","durationMs":4}
PASS tests/admin/adminMetrics.test.ts
PASS tests/webhook.idempotency.test.ts
{"level":"WARN","time":"2026-02-27T23:18:59.688Z","pid":7328,"hostname":"DESKTOP-J0KMV7Q","msg":"Rate limit exceeded","eventType":"WEBHOOK_RATE_LIMITED","requestId":"1b8ab610-ff56-46f0-9a27-06a2979bdc3e","key":"+1234567890","ip":"::ffff:127.0.0.1"}
{"level":"INFO","time":"2026-02-27T23:18:59.689Z","pid":7328,"hostname":"DESKTOP-J0KMV7Q","requestId":"1b8ab610-ff56-46f0-9a27-06a2979bdc3e","msg":"Webhook received","eventType":"WEBHOOK_RECEIVED","providerMessageId":"SM123456789","hasFrom":true,"fromLast4":"7890","bodyLength":11,"numMedia":0,"hasSignatureHeader":false,"path":"/webhooks/twilio"}
{"level":"INFO","time":"2026-02-27T23:18:59.709Z","pid":7328,"hostname":"DESKTOP-J0KMV7Q","requestId":"1b8ab610-ff56-46f0-9a27-06a2979bdc3e","conversationId":"63bf3335-eeee-4765-99fb-ba9850d5f472","msg":"Processing message in orchestrator","providerMessageId":"SM123456789","currentState":"NEW"}
{"level":"INFO","time":"2026-02-27T23:18:59.724Z","pid":7328,"hostname":"DESKTOP-J0KMV7Q","requestId":"1b8ab610-ff56-46f0-9a27-06a2979bdc3e","conversationId":"63bf3335-eeee-4765-99fb-ba9850d5f472","msg":"State transition","eventType":"STATE_TRANSITION","providerMessageId":"SM123456789","fromState":"NEW","toState":"CLASSIFYING","reason":"Initial classification"}
{"level":"INFO","time":"2026-02-27T23:18:59.731Z","pid":7328,"hostname":"DESKTOP-J0KMV7Q","requestId":"1b8ab610-ff56-46f0-9a27-06a2979bdc3e","conversationId":"63bf3335-eeee-4765-99fb-ba9850d5f472","msg":"State transition","eventType":"STATE_TRANSITION","providerMessageId":"SM123456789","fromState":"CLASSIFYING","toState":"ANSWERING"}
{"level":"INFO","time":"2026-02-27T23:18:59.737Z","pid":7328,"hostname":"DESKTOP-J0KMV7Q","requestId":"1b8ab610-ff56-46f0-9a27-06a2979bdc3e","conversationId":"63bf3335-eeee-4765-99fb-ba9850d5f472","msg":"State transition","eventType":"STATE_TRANSITION","providerMessageId":"SM123456789","fromState":"ANSWERING","toState":"WAITING_USER"}
{"level":"INFO","time":"2026-02-27T23:18:59.737Z","pid":7328,"hostname":"DESKTOP-J0KMV7Q","requestId":"1b8ab610-ff56-46f0-9a27-06a2979bdc3e","conversationId":"63bf3335-eeee-4765-99fb-ba9850d5f472","msg":"Orchestrator processing complete","finalState":"WAITING_USER","durationMs":34}
{"level":"INFO","time":"2026-02-27T23:18:59.737Z","pid":7328,"hostname":"DESKTOP-J0KMV7Q","requestId":"1b8ab610-ff56-46f0-9a27-06a2979bdc3e","conversationId":"63bf3335-eeee-4765-99fb-ba9850d5f472","msg":"Inbound message accepted, job enqueued","eventType":"WEBHOOK_PROCESSED","providerMessageId":"SM123456789","durationMs":48}
{"level":"WARN","time":"2026-02-27T23:18:59.743Z","pid":7328,"hostname":"DESKTOP-J0KMV7Q","msg":"Rate limit exceeded","eventType":"WEBHOOK_RATE_LIMITED","requestId":"a83a6d8f-6f8b-45fa-a767-52078128813b","key":"+1234567890","ip":"::ffff:127.0.0.1"}
{"level":"INFO","time":"2026-02-27T23:18:59.743Z","pid":7328,"hostname":"DESKTOP-J0KMV7Q","requestId":"a83a6d8f-6f8b-45fa-a767-52078128813b","msg":"Webhook received","eventType":"WEBHOOK_RECEIVED","providerMessageId":"SM123456789","hasFrom":true,"fromLast4":"7890","bodyLength":11,"numMedia":0,"hasSignatureHeader":false,"path":"/webhooks/twilio"}
{"level":"INFO","time":"2026-02-27T23:18:59.745Z","pid":7328,"hostname":"DESKTOP-J0KMV7Q","requestId":"a83a6d8f-6f8b-45fa-a767-52078128813b","msg":"Duplicate message received","eventType":"WEBHOOK_IDEMPOTENT_HIT","providerMessageId":"SM123456789","durationMs":2}
PASS tests/webhook.outbound.persistence.test.ts
{"level":"WARN","time":"2026-02-27T23:19:00.251Z","pid":7328,"hostname":"DESKTOP-J0KMV7Q","msg":"Rate limit exceeded","eventType":"WEBHOOK_RATE_LIMITED","requestId":"9f697eb6-1265-472d-a65a-938d1873c6ef","key":"+19998887777","ip":"::ffff:127.0.0.1"}
{"level":"INFO","time":"2026-02-27T23:19:00.252Z","pid":7328,"hostname":"DESKTOP-J0KMV7Q","requestId":"9f697eb6-1265-472d-a65a-938d1873c6ef","msg":"Webhook received","eventType":"WEBHOOK_RECEIVED","providerMessageId":"SM_OUTBOUND_AUDIT","hasFrom":true,"fromLast4":"7777","bodyLength":28,"numMedia":0,"hasSignatureHeader":true,"path":"/webhooks/twilio"}
{"level":"INFO","time":"2026-02-27T23:19:00.270Z","pid":7328,"hostname":"DESKTOP-J0KMV7Q","requestId":"9f697eb6-1265-472d-a65a-938d1873c6ef","conversationId":"43368224-a558-497d-b14d-2ee56ff2106d","msg":"Processing message in orchestrator","providerMessageId":"SM_OUTBOUND_AUDIT","currentState":"NEW"}
{"level":"INFO","time":"2026-02-27T23:19:00.287Z","pid":7328,"hostname":"DESKTOP-J0KMV7Q","requestId":"9f697eb6-1265-472d-a65a-938d1873c6ef","conversationId":"43368224-a558-497d-b14d-2ee56ff2106d","msg":"State transition","eventType":"STATE_TRANSITION","providerMessageId":"SM_OUTBOUND_AUDIT","fromState":"NEW","toState":"CLASSIFYING","reason":"Initial classification"}
{"level":"INFO","time":"2026-02-27T23:19:00.294Z","pid":7328,"hostname":"DESKTOP-J0KMV7Q","requestId":"9f697eb6-1265-472d-a65a-938d1873c6ef","conversationId":"43368224-a558-497d-b14d-2ee56ff2106d","msg":"State transition","eventType":"STATE_TRANSITION","providerMessageId":"SM_OUTBOUND_AUDIT","fromState":"CLASSIFYING","toState":"ANSWERING"}
{"level":"INFO","time":"2026-02-27T23:19:00.301Z","pid":7328,"hostname":"DESKTOP-J0KMV7Q","requestId":"9f697eb6-1265-472d-a65a-938d1873c6ef","conversationId":"43368224-a558-497d-b14d-2ee56ff2106d","msg":"State transition","eventType":"STATE_TRANSITION","providerMessageId":"SM_OUTBOUND_AUDIT","fromState":"ANSWERING","toState":"WAITING_USER"}
{"level":"INFO","time":"2026-02-27T23:19:00.301Z","pid":7328,"hostname":"DESKTOP-J0KMV7Q","requestId":"9f697eb6-1265-472d-a65a-938d1873c6ef","conversationId":"43368224-a558-497d-b14d-2ee56ff2106d","msg":"Orchestrator processing complete","finalState":"WAITING_USER","durationMs":36}
{"level":"INFO","time":"2026-02-27T23:19:00.301Z","pid":7328,"hostname":"DESKTOP-J0KMV7Q","requestId":"9f697eb6-1265-472d-a65a-938d1873c6ef","conversationId":"43368224-a558-497d-b14d-2ee56ff2106d","msg":"Inbound message accepted, job enqueued","eventType":"WEBHOOK_PROCESSED","providerMessageId":"SM_OUTBOUND_AUDIT","durationMs":50}
{"level":"WARN","time":"2026-02-27T23:19:00.803Z","pid":7328,"hostname":"DESKTOP-J0KMV7Q","msg":"Rate limit exceeded","eventType":"WEBHOOK_RATE_LIMITED","requestId":"04c7fcb3-945a-4bc8-b020-5496b51df963","key":"+541122334455","ip":"::ffff:127.0.0.1"}
{"level":"WARN","time":"2026-02-27T23:19:00.876Z","pid":7328,"hostname":"DESKTOP-J0KMV7Q","msg":"Rate limit exceeded","eventType":"WEBHOOK_RATE_LIMITED","requestId":"95ac9135-01b8-42de-b4c0-d16ab70b3544","key":"+1111111111","ip":"::ffff:127.0.0.1"}
PASS tests/webhook.logging.test.ts
PASS tests/webhook.security.test.ts
{"level":"WARN","time":"2026-02-27T23:19:01.397Z","pid":7328,"hostname":"DESKTOP-J0KMV7Q","msg":"Rate limit exceeded","eventType":"WEBHOOK_RATE_LIMITED","requestId":"d6af8418-372e-499c-b08b-004ce2247b31","key":"+1111111111","ip":"::ffff:127.0.0.1"}
{"level":"INFO","time":"2026-02-27T23:19:01.398Z","pid":7328,"hostname":"DESKTOP-J0KMV7Q","requestId":"d6af8418-372e-499c-b08b-004ce2247b31","msg":"Webhook received","eventType":"WEBHOOK_RECEIVED","providerMessageId":"SM_SEC_TEST_1","hasFrom":true,"fromLast4":"1111","bodyLength":13,"numMedia":0,"hasSignatureHeader":false,"path":"/webhooks/twilio"}
{"level":"WARN","time":"2026-02-27T23:19:01.398Z","pid":7328,"hostname":"DESKTOP-J0KMV7Q","requestId":"d6af8418-372e-499c-b08b-004ce2247b31","msg":"Twilio signature or auth token missing","hasSignature":false,"hasToken":true,"eventType":"WEBHOOK_REJECTED_INVALID_SIGNATURE"}
{"level":"INFO","time":"2026-02-27T23:19:01.616Z","pid":7328,"hostname":"DESKTOP-J0KMV7Q","eventType":"JOB_CLAIMED","workerId":"test-worker","count":1}
{"level":"INFO","time":"2026-02-27T23:19:01.617Z","pid":7328,"hostname":"DESKTOP-J0KMV7Q","workerId":"test-worker","eventType":"JOB_CLAIMED","count":1,"workerId":"test-worker"}
{"level":"INFO","time":"2026-02-27T23:19:01.617Z","pid":7328,"hostname":"DESKTOP-J0KMV7Q","jobId":"2ed9fe3e-2af3-4434-8e7b-887815612623","type":"AI_REPLY_REQUESTED","conversationId":"cd5c4b56-5cb9-419c-b3b0-eee91fb8998a","workerId":"test-worker","eventType":"JOB_PROCESS_STARTED"}
{"level":"INFO","time":"2026-02-27T23:19:01.645Z","pid":7328,"hostname":"DESKTOP-J0KMV7Q","jobId":"2ed9fe3e-2af3-4434-8e7b-887815612623","type":"AI_REPLY_REQUESTED","conversationId":"cd5c4b56-5cb9-419c-b3b0-eee91fb8998a","workerId":"test-worker","eventType":"JOB_PROCESS_SUCCEEDED","durationMs":28}
{"level":"INFO","time":"2026-02-27T23:19:01.651Z","pid":7328,"hostname":"DESKTOP-J0KMV7Q","eventType":"OP_EVENT_RECORDED","operationalType":"SEND_SUCCESS","jobId":"2ed9fe3e-2af3-4434-8e7b-887815612623","conversationId":"cd5c4b56-5cb9-419c-b3b0-eee91fb8998a"}
{"level":"INFO","time":"2026-02-27T23:19:01.670Z","pid":7328,"hostname":"DESKTOP-J0KMV7Q","eventType":"WORKER_HEARTBEAT","workerId":"test-worker","claimedDelta":1}
{"level":"INFO","time":"2026-02-27T23:19:01.724Z","pid":7328,"hostname":"DESKTOP-J0KMV7Q","eventType":"JOB_CLAIMED","workerId":"test-worker","count":1}
{"level":"INFO","time":"2026-02-27T23:19:01.724Z","pid":7328,"hostname":"DESKTOP-J0KMV7Q","workerId":"test-worker","eventType":"JOB_CLAIMED","count":1,"workerId":"test-worker"}
{"level":"INFO","time":"2026-02-27T23:19:01.724Z","pid":7328,"hostname":"DESKTOP-J0KMV7Q","jobId":"f61bedc2-f574-4eb7-bbfb-cb9717b5c3c5","type":"AI_REPLY_REQUESTED","conversationId":"21ba1b20-e258-4120-8b4e-6f0e545dc890","workerId":"test-worker","eventType":"JOB_PROCESS_STARTED"}
{"level":"INFO","time":"2026-02-27T23:19:01.748Z","pid":7328,"hostname":"DESKTOP-J0KMV7Q","jobId":"f61bedc2-f574-4eb7-bbfb-cb9717b5c3c5","type":"AI_REPLY_REQUESTED","conversationId":"21ba1b20-e258-4120-8b4e-6f0e545dc890","workerId":"test-worker","eventType":"JOB_PROCESS_SUCCEEDED","durationMs":24}
{"level":"INFO","time":"2026-02-27T23:19:01.753Z","pid":7328,"hostname":"DESKTOP-J0KMV7Q","eventType":"OP_EVENT_RECORDED","operationalType":"SEND_SUCCESS","jobId":"f61bedc2-f574-4eb7-bbfb-cb9717b5c3c5","conversationId":"21ba1b20-e258-4120-8b4e-6f0e545dc890"}
{"level":"INFO","time":"2026-02-27T23:19:01.757Z","pid":7328,"hostname":"DESKTOP-J0KMV7Q","eventType":"JOB_CLAIMED","workerId":"test-worker-2","count":1}
{"level":"INFO","time":"2026-02-27T23:19:01.757Z","pid":7328,"hostname":"DESKTOP-J0KMV7Q","workerId":"test-worker-2","eventType":"JOB_CLAIMED","count":1,"workerId":"test-worker-2"}
{"level":"INFO","time":"2026-02-27T23:19:01.757Z","pid":7328,"hostname":"DESKTOP-J0KMV7Q","jobId":"f61bedc2-f574-4eb7-bbfb-cb9717b5c3c5","type":"AI_REPLY_REQUESTED","conversationId":"21ba1b20-e258-4120-8b4e-6f0e545dc890","workerId":"test-worker-2","eventType":"JOB_PROCESS_STARTED"}
{"level":"INFO","time":"2026-02-27T23:19:01.770Z","pid":7328,"hostname":"DESKTOP-J0KMV7Q","jobId":"f61bedc2-f574-4eb7-bbfb-cb9717b5c3c5","type":"AI_REPLY_REQUESTED","conversationId":"21ba1b20-e258-4120-8b4e-6f0e545dc890","workerId":"test-worker-2","eventType":"JOB_OUTBOUND_ALREADY_SENT","providerMessageId":"job-f61bedc2-f574-4eb7-bbfb-cb9717b5c3c5"}
{"level":"INFO","time":"2026-02-27T23:19:01.775Z","pid":7328,"hostname":"DESKTOP-J0KMV7Q","eventType":"OP_EVENT_RECORDED","operationalType":"SEND_SUCCESS","jobId":"f61bedc2-f574-4eb7-bbfb-cb9717b5c3c5","conversationId":"21ba1b20-e258-4120-8b4e-6f0e545dc890"}
{"level":"INFO","time":"2026-02-27T23:19:01.775Z","pid":7328,"hostname":"DESKTOP-J0KMV7Q","jobId":"f61bedc2-f574-4eb7-bbfb-cb9717b5c3c5","type":"AI_REPLY_REQUESTED","conversationId":"21ba1b20-e258-4120-8b4e-6f0e545dc890","workerId":"test-worker-2","eventType":"JOB_PROCESS_SUCCEEDED","durationMs":18}
{"level":"INFO","time":"2026-02-27T23:19:01.802Z","pid":7328,"hostname":"DESKTOP-J0KMV7Q","eventType":"JOB_CLAIMED","workerId":"test-worker","count":2}
{"level":"INFO","time":"2026-02-27T23:19:01.802Z","pid":7328,"hostname":"DESKTOP-J0KMV7Q","workerId":"test-worker","eventType":"JOB_CLAIMED","count":2,"workerId":"test-worker"}
{"level":"INFO","time":"2026-02-27T23:19:01.802Z","pid":7328,"hostname":"DESKTOP-J0KMV7Q","jobId":"2c732413-5b20-4c2e-bcb8-e7b6702d92b9","type":"AI_REPLY_REQUESTED","conversationId":"733d9f33-8a43-4377-98db-1f408d6a284e","workerId":"test-worker","eventType":"JOB_PROCESS_STARTED"}
{"level":"INFO","time":"2026-02-27T23:19:01.817Z","pid":7328,"hostname":"DESKTOP-J0KMV7Q","jobId":"2c732413-5b20-4c2e-bcb8-e7b6702d92b9","type":"AI_REPLY_REQUESTED","conversationId":"733d9f33-8a43-4377-98db-1f408d6a284e","workerId":"test-worker","eventType":"JOB_PROCESS_SUCCEEDED","durationMs":15}
{"level":"INFO","time":"2026-02-27T23:19:01.818Z","pid":7328,"hostname":"DESKTOP-J0KMV7Q","jobId":"00633a8e-565a-47a1-9999-d01d018bfda0","type":"AI_REPLY_REQUESTED","conversationId":"dbef80b3-1e45-44dd-9920-c3d7edd59655","workerId":"test-worker","eventType":"JOB_PROCESS_STARTED"}
{"level":"INFO","time":"2026-02-27T23:19:01.832Z","pid":7328,"hostname":"DESKTOP-J0KMV7Q","eventType":"OP_EVENT_RECORDED","operationalType":"SEND_SUCCESS","jobId":"2c732413-5b20-4c2e-bcb8-e7b6702d92b9","conversationId":"733d9f33-8a43-4377-98db-1f408d6a284e"}
{"level":"ERROR","time":"2026-02-27T23:19:01.864Z","pid":7328,"hostname":"DESKTOP-J0KMV7Q","jobId":"00633a8e-565a-47a1-9999-d01d018bfda0","type":"AI_REPLY_REQUESTED","conversationId":"dbef80b3-1e45-44dd-9920-c3d7edd59655","workerId":"test-worker","error":"No inbound message found for conversation: dbef80b3-1e45-44dd-9920-c3d7edd59655"}
PASS tests/jobs.worker.test.ts
{"level":"INFO","time":"2026-02-27T23:19:01.949Z","pid":7328,"hostname":"DESKTOP-J0KMV7Q","eventType":"OP_EVENT_RECORDED","operationalType":"SEND_FAIL","jobId":"00633a8e-565a-47a1-9999-d01d018bfda0","conversationId":"dbef80b3-1e45-44dd-9920-c3d7edd59655"}
{"level":"INFO","time":"2026-02-27T23:19:02.222Z","pid":7328,"hostname":"DESKTOP-J0KMV7Q","eventType":"JOB_CLAIMED","workerId":"race-worker-A","count":1}
{"level":"INFO","time":"2026-02-27T23:19:02.222Z","pid":7328,"hostname":"DESKTOP-J0KMV7Q","workerId":"race-worker-A","eventType":"JOB_CLAIMED","count":1,"workerId":"race-worker-A"}
{"level":"INFO","time":"2026-02-27T23:19:02.222Z","pid":7328,"hostname":"DESKTOP-J0KMV7Q","jobId":"b19b8da0-c13f-4736-aad9-e9c3adc97867","type":"AI_REPLY_REQUESTED","conversationId":"77671a95-e2f4-4dd5-9932-741a1dd37a50","workerId":"race-worker-A","eventType":"JOB_PROCESS_STARTED"}
{"level":"INFO","time":"2026-02-27T23:19:02.240Z","pid":7328,"hostname":"DESKTOP-J0KMV7Q","eventType":"WORKER_HEARTBEAT","workerId":"race-worker-B","claimedDelta":1}
{"level":"INFO","time":"2026-02-27T23:19:02.250Z","pid":7328,"hostname":"DESKTOP-J0KMV7Q","jobId":"b19b8da0-c13f-4736-aad9-e9c3adc97867","type":"AI_REPLY_REQUESTED","conversationId":"77671a95-e2f4-4dd5-9932-741a1dd37a50","workerId":"race-worker-A","eventType":"JOB_PROCESS_SUCCEEDED","durationMs":28}
{"level":"INFO","time":"2026-02-27T23:19:02.256Z","pid":7328,"hostname":"DESKTOP-J0KMV7Q","eventType":"OP_EVENT_RECORDED","operationalType":"SEND_SUCCESS","jobId":"b19b8da0-c13f-4736-aad9-e9c3adc97867","conversationId":"77671a95-e2f4-4dd5-9932-741a1dd37a50"}
{"level":"INFO","time":"2026-02-27T23:19:02.291Z","pid":7328,"hostname":"DESKTOP-J0KMV7Q","jobId":"45aff387-9a79-4066-b335-424e4a829f42","type":"AI_REPLY_REQUESTED","conversationId":"59fea41a-6a02-4416-9b96-7cd0a090255a","workerId":"race-w-A","eventType":"JOB_PROCESS_STARTED"}
{"level":"INFO","time":"2026-02-27T23:19:02.291Z","pid":7328,"hostname":"DESKTOP-J0KMV7Q","jobId":"45aff387-9a79-4066-b335-424e4a829f42","type":"AI_REPLY_REQUESTED","conversationId":"59fea41a-6a02-4416-9b96-7cd0a090255a","workerId":"race-w-B","eventType":"JOB_PROCESS_STARTED"}
{"level":"INFO","time":"2026-02-27T23:19:02.316Z","pid":7328,"hostname":"DESKTOP-J0KMV7Q","jobId":"45aff387-9a79-4066-b335-424e4a829f42","type":"AI_REPLY_REQUESTED","conversationId":"59fea41a-6a02-4416-9b96-7cd0a090255a","workerId":"race-w-B","eventType":"JOB_OUTBOUND_UPSERT_RACE","providerMessageId":"job-45aff387-9a79-4066-b335-424e4a829f42"}
{"level":"INFO","time":"2026-02-27T23:19:02.321Z","pid":7328,"hostname":"DESKTOP-J0KMV7Q","jobId":"45aff387-9a79-4066-b335-424e4a829f42","type":"AI_REPLY_REQUESTED","conversationId":"59fea41a-6a02-4416-9b96-7cd0a090255a","workerId":"race-w-B","eventType":"JOB_OUTBOUND_ALREADY_SENT","providerMessageId":"job-45aff387-9a79-4066-b335-424e4a829f42"}
PASS tests/jobs.worker.raceSend.test.ts
{"level":"INFO","time":"2026-02-27T23:19:02.325Z","pid":7328,"hostname":"DESKTOP-J0KMV7Q","jobId":"45aff387-9a79-4066-b335-424e4a829f42","type":"AI_REPLY_REQUESTED","conversationId":"59fea41a-6a02-4416-9b96-7cd0a090255a","workerId":"race-w-A","eventType":"JOB_PROCESS_SUCCEEDED","durationMs":34}
{"level":"INFO","time":"2026-02-27T23:19:02.329Z","pid":7328,"hostname":"DESKTOP-J0KMV7Q","eventType":"OP_EVENT_RECORDED","operationalType":"SEND_SUCCESS","jobId":"45aff387-9a79-4066-b335-424e4a829f42","conversationId":"59fea41a-6a02-4416-9b96-7cd0a090255a"}
{"level":"INFO","time":"2026-02-27T23:19:02.329Z","pid":7328,"hostname":"DESKTOP-J0KMV7Q","jobId":"45aff387-9a79-4066-b335-424e4a829f42","type":"AI_REPLY_REQUESTED","conversationId":"59fea41a-6a02-4416-9b96-7cd0a090255a","workerId":"race-w-B","eventType":"JOB_PROCESS_SUCCEEDED","durationMs":38}
{"level":"INFO","time":"2026-02-27T23:19:02.330Z","pid":7328,"hostname":"DESKTOP-J0KMV7Q","eventType":"OP_EVENT_RECORDED","operationalType":"SEND_SUCCESS","jobId":"45aff387-9a79-4066-b335-424e4a829f42","conversationId":"59fea41a-6a02-4416-9b96-7cd0a090255a"}
{"level":"INFO","time":"2026-02-27T23:19:02.557Z","pid":7328,"hostname":"DESKTOP-J0KMV7Q","eventType":"METRICS_WINDOW_AGGREGATED","windowStart":"2026-02-27T10:00:00.000Z","jobCount":2,"eventCount":0,"avgLatency":15000,"durationMs":22}
{"level":"INFO","time":"2026-02-27T23:19:02.602Z","pid":7328,"hostname":"DESKTOP-J0KMV7Q","eventType":"METRICS_WINDOW_AGGREGATED","windowStart":"2026-02-27T11:00:00.000Z","jobCount":1,"eventCount":0,"avgLatency":-44332578,"durationMs":22}
{"level":"INFO","time":"2026-02-27T23:19:02.620Z","pid":7328,"hostname":"DESKTOP-J0KMV7Q","eventType":"METRICS_WINDOW_AGGREGATED","windowStart":"2026-02-27T11:00:00.000Z","jobCount":1,"eventCount":0,"avgLatency":-44332578,"durationMs":40}
{"level":"INFO","time":"2026-02-27T23:19:02.631Z","pid":7328,"hostname":"DESKTOP-J0KMV7Q","eventType":"METRICS_WINDOW_AGGREGATED","windowStart":"2026-02-27T11:00:00.000Z","jobCount":1,"eventCount":0,"avgLatency":-44332578,"durationMs":51}
PASS tests/metrics/aggregator.test.ts
{"level":"INFO","time":"2026-02-27T23:19:02.664Z","pid":7328,"hostname":"DESKTOP-J0KMV7Q","eventType":"METRICS_WINDOW_AGGREGATED","windowStart":"2026-02-27T12:00:00.000Z","jobCount":1,"eventCount":0,"avgLatency":null,"durationMs":8}
{"level":"INFO","time":"2026-02-27T23:19:02.877Z","pid":7328,"hostname":"DESKTOP-J0KMV7Q","jobId":"d9c77465-ef38-490d-bc04-81d8948f731f","type":"AI_REPLY_REQUESTED","conversationId":"833dbf3f-bd43-439c-9e2a-071126629daf","workerId":"worker-1","eventType":"JOB_PROCESS_STARTED"}
{"level":"INFO","time":"2026-02-27T23:19:02.908Z","pid":7328,"hostname":"DESKTOP-J0KMV7Q","eventType":"OP_EVENT_RECORDED","operationalType":"TTL_EXPIRED","jobId":"d9c77465-ef38-490d-bc04-81d8948f731f","conversationId":"833dbf3f-bd43-439c-9e2a-071126629daf"}
{"level":"WARN","time":"2026-02-27T23:19:02.913Z","pid":7328,"hostname":"DESKTOP-J0KMV7Q","jobId":"d9c77465-ef38-490d-bc04-81d8948f731f","type":"AI_REPLY_REQUESTED","conversationId":"833dbf3f-bd43-439c-9e2a-071126629daf","workerId":"worker-1","eventType":"JOB_SENDING_TTL_EXPIRED","ageMs":65029,"sendingLockedAt":"2026-02-27T23:17:57.872Z","nextRunAt":"2026-02-27T23:19:03.901Z"}
{"level":"INFO","time":"2026-02-27T23:19:02.945Z","pid":7328,"hostname":"DESKTOP-J0KMV7Q","jobId":"339a62b2-a519-4667-99da-31541ab824b9","type":"AI_REPLY_REQUESTED","conversationId":"f65413ef-f78c-481b-acee-8b0201a4de02","workerId":"worker-2","eventType":"JOB_PROCESS_STARTED"}
{"level":"INFO","time":"2026-02-27T23:19:02.967Z","pid":7328,"hostname":"DESKTOP-J0KMV7Q","eventType":"OP_EVENT_RECORDED","operationalType":"CAS_COLLISION","jobId":"339a62b2-a519-4667-99da-31541ab824b9","conversationId":"f65413ef-f78c-481b-acee-8b0201a4de02"}
PASS tests/jobs.worker.sendingTtl.test.ts
PASS tests/jobs.claim.test.ts
{"level":"INFO","time":"2026-02-27T23:19:03.239Z","pid":7328,"hostname":"DESKTOP-J0KMV7Q","eventType":"JOB_CLAIMED","workerId":"worker-B","count":3}
PASS tests/metrics/operational_events.test.ts
{"level":"INFO","time":"2026-02-27T23:19:03.522Z","pid":7328,"hostname":"DESKTOP-J0KMV7Q","eventType":"METRICS_WINDOW_AGGREGATED","windowStart":"2026-02-27T15:00:00.000Z","jobCount":0,"eventCount":5,"avgLatency":null,"durationMs":23}
{"level":"INFO","time":"2026-02-27T23:19:03.555Z","pid":7328,"hostname":"DESKTOP-J0KMV7Q","eventType":"METRICS_WINDOW_AGGREGATED","windowStart":"2026-02-27T16:00:00.000Z","jobCount":0,"eventCount":1,"avgLatency":null,"durationMs":8}
{"level":"INFO","time":"2026-02-27T23:19:03.579Z","pid":7328,"hostname":"DESKTOP-J0KMV7Q","eventType":"METRICS_WINDOW_AGGREGATED","windowStart":"2026-02-27T17:00:00.000Z","jobCount":0,"eventCount":1,"avgLatency":null,"durationMs":9}
{"level":"INFO","time":"2026-02-27T23:19:03.591Z","pid":7328,"hostname":"DESKTOP-J0KMV7Q","eventType":"METRICS_WINDOW_AGGREGATED","windowStart":"2026-02-27T17:00:00.000Z","jobCount":0,"eventCount":1,"avgLatency":null,"durationMs":8}
PASS tests/metrics/metrics.test.ts
PASS tests/worker/heartbeat.test.ts
{"level":"INFO","time":"2026-02-27T23:19:04.049Z","pid":7328,"hostname":"DESKTOP-J0KMV7Q","eventType":"WORKER_HEARTBEAT","workerId":"test-worker-heartbeat","claimedDelta":0}
{"level":"INFO","time":"2026-02-27T23:19:04.063Z","pid":7328,"hostname":"DESKTOP-J0KMV7Q","workerId":"test-worker-heartbeat","eventType":"JOB_CLAIMED","count":1,"workerId":"test-worker-heartbeat"}
{"level":"INFO","time":"2026-02-27T23:19:04.063Z","pid":7328,"hostname":"DESKTOP-J0KMV7Q","eventType":"WORKER_HEARTBEAT","workerId":"test-worker-heartbeat","claimedDelta":1}
{"level":"INFO","time":"2026-02-27T23:19:20.063Z","pid":7328,"hostname":"DESKTOP-J0KMV7Q","workerId":"test-worker-heartbeat","eventType":"JOB_CLAIMED","count":2,"workerId":"test-worker-heartbeat"}
{"level":"INFO","time":"2026-02-27T23:19:20.063Z","pid":7328,"hostname":"DESKTOP-J0KMV7Q","eventType":"WORKER_HEARTBEAT","workerId":"test-worker-heartbeat","claimedDelta":2}
{"level":"INFO","time":"2026-02-27T23:19:04.079Z","pid":7328,"hostname":"DESKTOP-J0KMV7Q","eventType":"WORKER_HEARTBEAT","workerId":"test-worker-heartbeat","claimedDelta":0}
PASS tests/ai_adapter.contract.test.ts
PASS tests/config/env.test.ts

Test Suites: 24 passed, 24 total
Tests:       1 skipped, 68 passed, 69 total
Snapshots:   0 total
Time:        19.174 s, estimated 22 s
Ran all test suites.
